Component: ARM Compiler 5.05 update 2 (build 169) Tool: armlink [4d0f33]

==============================================================================

Section Cross References

    stm32f10x_it.o(.text) refers to usart.o(.text) for UsartPrintf
    system_stm32f10x.o(.text) refers to system_stm32f10x.o(.data) for SystemCoreClock
    startup_stm32f10x_hd.o(STACK) refers (Special) to heapauxi.o(.text) for __use_two_region_memory
    startup_stm32f10x_hd.o(HEAP) refers (Special) to heapauxi.o(.text) for __use_two_region_memory
    startup_stm32f10x_hd.o(RESET) refers (Special) to heapauxi.o(.text) for __use_two_region_memory
    startup_stm32f10x_hd.o(RESET) refers to startup_stm32f10x_hd.o(STACK) for __initial_sp
    startup_stm32f10x_hd.o(RESET) refers to startup_stm32f10x_hd.o(.text) for Reset_Handler
    startup_stm32f10x_hd.o(RESET) refers to stm32f10x_it.o(.text) for NMI_Handler
    startup_stm32f10x_hd.o(RESET) refers to usart.o(.text) for USART1_IRQHandler
    startup_stm32f10x_hd.o(RESET) refers to m6312.o(.text) for USART2_IRQHandler
    startup_stm32f10x_hd.o(RESET) refers to master.o(.text) for USART3_IRQHandler
    startup_stm32f10x_hd.o(.text) refers (Special) to heapauxi.o(.text) for __use_two_region_memory
    startup_stm32f10x_hd.o(.text) refers to system_stm32f10x.o(.text) for SystemInit
    startup_stm32f10x_hd.o(.text) refers to __main.o(!!!main) for __main
    startup_stm32f10x_hd.o(.text) refers to startup_stm32f10x_hd.o(HEAP) for Heap_Mem
    startup_stm32f10x_hd.o(.text) refers to startup_stm32f10x_hd.o(STACK) for Stack_Mem
    stm32f10x_gpio.o(.text) refers to stm32f10x_rcc.o(.text) for RCC_APB2PeriphResetCmd
    stm32f10x_rcc.o(.text) refers to stm32f10x_rcc.o(.data) for APBAHBPrescTable
    stm32f10x_usart.o(.text) refers to stm32f10x_rcc.o(.text) for RCC_APB2PeriphResetCmd
    stm32f10x_spi.o(.text) refers to stm32f10x_rcc.o(.text) for RCC_APB2PeriphResetCmd
    stm32f10x_tim.o(.text) refers to stm32f10x_rcc.o(.text) for RCC_APB2PeriphResetCmd
    stm32f10x_adc.o(.text) refers to stm32f10x_rcc.o(.text) for RCC_APB2PeriphResetCmd
    beep.o(.text) refers to stm32f10x_gpio.o(.text) for GPIO_WriteBit
    beep.o(.text) refers to stm32f10x_rcc.o(.text) for RCC_APB2PeriphClockCmd
    beep.o(.text) refers to beep.o(.data) for beep_info
    delay.o(.text) refers to delay.o(.data) for UsCount
    usart.o(.text) refers to stm32f10x_rcc.o(.text) for RCC_APB2PeriphClockCmd
    usart.o(.text) refers to stm32f10x_gpio.o(.text) for GPIO_Init
    usart.o(.text) refers to stm32f10x_usart.o(.text) for USART_Init
    usart.o(.text) refers to misc.o(.text) for NVIC_Init
    usart.o(.text) refers to c89vsnprintf.o(.text) for __c89vsnprintf
    crc16.o(.text) refers to crc16.o(.constdata) for auchCRCHi
    master.o(.text) refers to stm32f10x_rcc.o(.text) for RCC_APB1PeriphClockCmd
    master.o(.text) refers to stm32f10x_tim.o(.text) for TIM_TimeBaseInit
    master.o(.text) refers to misc.o(.text) for NVIC_Init
    master.o(.text) refers to stm32f10x_gpio.o(.text) for GPIO_Init
    master.o(.text) refers to stm32f10x_usart.o(.text) for USART_DeInit
    master.o(.text) refers to crc16.o(.text) for CRC_Compute
    master.o(.text) refers to master.o(.data) for RS485_RX_CNT
    master.o(.text) refers to master.o(.bss) for RS485_RX_BUFF
    timer4.o(.text) refers to stm32f10x_rcc.o(.text) for RCC_APB1PeriphClockCmd
    timer4.o(.text) refers to stm32f10x_tim.o(.text) for TIM_TimeBaseInit
    timer4.o(.text) refers to misc.o(.text) for NVIC_Init
    bsp_adc.o(.text) refers to stm32f10x_rcc.o(.text) for RCC_APB2PeriphClockCmd
    bsp_adc.o(.text) refers to stm32f10x_gpio.o(.text) for GPIO_Init
    bsp_adc.o(.text) refers to stm32f10x_dma.o(.text) for DMA_DeInit
    bsp_adc.o(.text) refers to stm32f10x_adc.o(.text) for ADC_Init
    bsp_adc.o(.text) refers to bsp_adc.o(.data) for ADC_ConvertedValue
    main.o(.text) refers to misc.o(.text) for NVIC_PriorityGroupConfig
    main.o(.text) refers to delay.o(.text) for Delay_Init
    main.o(.text) refers to usart.o(.text) for Usart1_Init
    main.o(.text) refers to master.o(.text) for RS485_Init
    main.o(.text) refers to beep.o(.text) for Beep_Init
    main.o(.text) refers to bsp_adc.o(.text) for ADCx_Init
    main.o(.text) refers to m6312.o(.text) for M6312_Init
    main.o(.text) refers to onenet.o(.text) for OneNet_DevLink
    main.o(.text) refers to f2d.o(x$fpl$f2d) for __aeabi_f2d
    main.o(.text) refers to daddsub_clz.o(x$fpl$dsub) for __aeabi_dsub
    main.o(.text) refers to dmul.o(x$fpl$dmul) for __aeabi_dmul
    main.o(.text) refers to master.o(.data) for Cod
    onenet.o(.text) refers to _printf_percent.o(.ARM.Collect$$_printf_percent$$00000000) for _printf_percent
    onenet.o(.text) refers to _printf_f.o(.ARM.Collect$$_printf_percent$$00000003) for _printf_f
    onenet.o(.text) refers to printf1.o(x$fpl$printf1) for _printf_fp_dec
    onenet.o(.text) refers to usart.o(.text) for UsartPrintf
[...]
    _get_lc_time                              - Undefined Weak Reference
    _getenv_init                              - Undefined Weak Reference
    _handle_redirection                       - Undefined Weak Reference
    _initio                                   - Undefined Weak Reference
    _mutex_acquire                            - Undefined Weak Reference
    _mutex_free                               - Undefined Weak Reference
    _mutex_release                            - Undefined Weak Reference
    _printf_fp_hex                            - Undefined Weak Reference
    _printf_mbtowc                            - Undefined Weak Reference
    _printf_wc                                - Undefined Weak Reference
    _rand_init                                - Undefined Weak Reference
    _signal_finish                            - Undefined Weak Reference
    _signal_init                              - Undefined Weak Reference
    _terminateio                              - Undefined Weak Reference
    __Vectors_Size                           0x00000130   Number         0  startup_stm32f10x_hd.o ABSOLUTE
    __Vectors                                0x08000000   Data           4  startup_stm32f10x_hd.o(RESET)
    __Vectors_End                            0x08000130   Data           0  startup_stm32f10x_hd.o(RESET)
    __main                                   0x08000131   Thumb Code     8  __main.o(!!!main)
    __scatterload                            0x08000139   Thumb Code     0  __scatter.o(!!!scatter)
    __scatterload_rt2                        0x08000139   Thumb Code    44  __scatter.o(!!!scatter)
    __scatterload_rt2_thumb_only             0x08000139   Thumb Code     0  __scatter.o(!!!scatter)
    __scatterload_null                       0x08000147   Thumb Code     0  __scatter.o(!!!scatter)
    __scatterload_copy                       0x0800016d   Thumb Code    26  __scatter_copy.o(!!handler_copy)
    __scatterload_zeroinit                   0x08000189   Thumb Code    28  __scatter_zi.o(!!handler_zi)
    _printf_n                                0x080001a5   Thumb Code     0  _printf_n.o(.ARM.Collect$$_printf_percent$$00000001)
    _printf_percent                          0x080001a5   Thumb Code     0  _printf_percent.o(.ARM.Collect$$_printf_percent$$00000000)
    _printf_p                                0x080001ab   Thumb Code     0  _printf_p.o(.ARM.Collect$$_printf_percent$$00000002)
    _printf_f                                0x080001b1   Thumb Code     0  _printf_f.o(.ARM.Collect$$_printf_percent$$00000003)
    _printf_e                                0x080001b7   Thumb Code     0  _printf_e.o(.ARM.Collect$$_printf_percent$$00000004)
    _printf_g                                0x080001bd   Thumb Code     0  _printf_g.o(.ARM.Collect$$_printf_percent$$00000005)
    _printf_a                                0x080001c3   Thumb Code     0  _printf_a.o(.ARM.Collect$$_printf_percent$$00000006)
    _printf_ll                               0x080001c9   Thumb Code     0  _printf_ll.o(.ARM.Collect$$_printf_percent$$00000007)
    _printf_i                                0x080001d3   Thumb Code     0  _printf_i.o(.ARM.Collect$$_printf_percent$$00000008)
    _printf_d                                0x080001d9   Thumb Code     0  _printf_d.o(.ARM.Collect$$_printf_percent$$00000009)
    _printf_u                                0x080001df   Thumb Code     0  _printf_u.o(.ARM.Collect$$_printf_percent$$0000000A)
    _printf_o                                0x080001e5   Thumb Code     0  _printf_o.o(.ARM.Collect$$_printf_percent$$0000000B)
    _printf_x                                0x080001eb   Thumb Code     0  _printf_x.o(.ARM.Collect$$_printf_percent$$0000000C)
    _printf_lli                              0x080001f1   Thumb Code     0  _printf_lli.o(.ARM.Collect$$_printf_percent$$0000000D)
    _printf_lld                              0x080001f7   Thumb Code     0  _printf_lld.o(.ARM.Collect$$_printf_percent$$0000000E)
    _printf_llu                              0x080001fd   Thumb Code     0  _printf_llu.o(.ARM.Collect$$_printf_percent$$0000000F)
    _printf_llo                              0x08000203   Thumb Code     0  _printf_llo.o(.ARM.Collect$$_printf_percent$$00000010)
    _printf_llx                              0x08000209   Thumb Code     0  _printf_llx.o(.ARM.Collect$$_printf_percent$$00000011)
    _printf_l                                0x0800020f   Thumb Code     0  _printf_l.o(.ARM.Collect$$_printf_percent$$00000012)
    _printf_c                                0x08000219   Thumb Code     0  _printf_c.o(.ARM.Collect$$_printf_percent$$00000013)
    _printf_s                                0x0800021f   Thumb Code     0  _printf_s.o(.ARM.Collect$$_printf_percent$$00000014)
    _printf_lc                               0x08000225   Thumb Code     0  _printf_lc.o(.ARM.Collect$$_printf_percent$$00000015)
    _printf_ls                               0x0800022b   Thumb Code     0  _printf_ls.o(.ARM.Collect$$_printf_percent$$00000016)
    _printf_percent_end                      0x08000231   Thumb Code     0  _printf_percent_end.o(.ARM.Collect$$_printf_percent$$00000017)
    __rt_lib_init                            0x08000235   Thumb Code     0  libinit.o(.ARM.Collect$$libinit$$00000000)
    __rt_lib_init_fp_1                       0x08000237   Thumb Code     0  libinit2.o(.ARM.Collect$$libinit$$00000002)
    __rt_lib_init_heap_2                     0x08000237   Thumb Code     0  libinit2.o(.ARM.Collect$$libinit$$00000005)
    __rt_lib_init_preinit_1                  0x08000237   Thumb Code     0  libinit2.o(.ARM.Collect$$libinit$$00000004)
    __rt_lib_init_heap_1                     0x0800023f   Thumb Code     0  libinit2.o(.ARM.Collect$$libinit$$0000000A)
    __rt_lib_init_lc_common                  0x0800023f   Thumb Code     0  libinit2.o(.ARM.Collect$$libinit$$0000000F)
    __rt_lib_init_rand_1                     0x0800023f   Thumb Code     0  libinit2.o(.ARM.Collect$$libinit$$0000000E)
    __rt_lib_init_user_alloc_1               0x0800023f   Thumb Code     0  libinit2.o(.ARM.Collect$$libinit$$0000000C)
    __rt_lib_init_lc_collate_1               0x08000245   Thumb Code     0  libinit2.o(.ARM.Collect$$libinit$$00000011)
    __rt_lib_init_lc_ctype_2                 0x08000245   Thumb Code     0  libinit2.o(.ARM.Collect$$libinit$$00000012)
    __rt_lib_init_lc_ctype_1                 0x08000251   Thumb Code     0  libinit2.o(.ARM.Collect$$libinit$$00000013)
    __rt_lib_init_lc_monetary_1              0x08000251   Thumb Code     0  libinit2.o(.ARM.Collect$$libinit$$00000015)
    __rt_lib_init_lc_numeric_2               0x08000251   Thumb Code     0  libinit2.o(.ARM.Collect$$libinit$$00000016)
    __rt_lib_init_alloca_1                   0x0800025b   Thumb Code     0  libinit2.o(.ARM.Collect$$libinit$$0000002E)
    __rt_lib_init_argv_1                     0x0800025b   Thumb Code     0  libinit2.o(.ARM.Collect$$libinit$$0000002C)
    __rt_lib_init_atexit_1                   0x0800025b   Thumb Code     0  libinit2.o(.ARM.Collect$$libinit$$0000001B)
    __rt_lib_init_clock_1                    0x0800025b   Thumb Code     0  libinit2.o(.ARM.Collect$$libinit$$00000021)
    __rt_lib_init_cpp_1                      0x0800025b   Thumb Code     0  libinit2.o(.ARM.Collect$$libinit$$00000032)
    __rt_lib_init_exceptions_1               0x0800025b   Thumb Code     0  libinit2.o(.ARM.Collect$$libinit$$00000030)
    __rt_lib_init_fp_trap_1                  0x0800025b   Thumb Code     0  libinit2.o(.ARM.Collect$$libinit$$0000001F)
    __rt_lib_init_getenv_1                   0x0800025b   Thumb Code     0  libinit2.o(.ARM.Collect$$libinit$$00000023)
    __rt_lib_init_lc_numeric_1               0x0800025b   Thumb Code     0  libinit2.o(.ARM.Collect$$libinit$$00000017)
    __rt_lib_init_lc_time_1                  0x0800025b   Thumb Code     0  libinit2.o(.ARM.Collect$$libinit$$00000019)
    __rt_lib_init_return                     0x0800025b   Thumb Code     0  libinit2.o(.ARM.Collect$$libinit$$00000033)
    __rt_lib_init_signal_1                   0x0800025b   Thumb Code     0  libinit2.o(.ARM.Collect$$libinit$$0000001D)
    __rt_lib_init_stdio_1                    0x0800025b   Thumb Code     0  libinit2.o(.ARM.Collect$$libinit$$00000025)
    __rt_lib_shutdown                        0x0800025d   Thumb Code     0  libshutdown.o(.ARM.Collect$$libshutdown$$00000000)
    __rt_lib_shutdown_fp_trap_1              0x0800025f   Thumb Code     0  libshutdown2.o(.ARM.Collect$$libshutdown$$00000006)
    __rt_lib_shutdown_heap_1                 0x0800025f   Thumb Code     0  libshutdown2.o(.ARM.Collect$$libshutdown$$0000000E)
    __rt_lib_shutdown_return                 0x0800025f   Thumb Code     0  libshutdown2.o(.ARM.Collect$$libshutdown$$0000000F)
    __rt_lib_shutdown_signal_1               0x0800025f   Thumb Code     0  libshutdown2.o(.ARM.Collect$$libshutdown$$00000009)
    __rt_lib_shutdown_stdio_1                0x0800025f   Thumb Code     0  libshutdown2.o(.ARM.Collect$$libshutdown$$00000003)
    __rt_lib_shutdown_user_alloc_1           0x0800025f   Thumb Code     0  libshutdown2.o(.ARM.Collect$$libshutdown$$0000000B)
    __rt_entry                               0x08000261   Thumb Code     0  __rtentry.o(.ARM.Collect$$rtentry$$00000000)
    __rt_entry_presh_1                       0x08000261   Thumb Code     0  __rtentry2.o(.ARM.Collect$$rtentry$$00000002)
    __rt_entry_sh                            0x08000261   Thumb Code     0  __rtentry4.o(.ARM.Collect$$rtentry$$00000004)
    __rt_entry_li                            0x08000267   Thumb Code     0  __rtentry2.o(.ARM.Collect$$rtentry$$0000000A)
    __rt_entry_postsh_1                      0x08000267   Thumb Code     0  __rtentry2.o(.ARM.Collect$$rtentry$$00000009)
    __rt_entry_main                          0x0800026b   Thumb Code     0  __rtentry2.o(.ARM.Collect$$rtentry$$0000000D)
    __rt_entry_postli_1                      0x0800026b   Thumb Code     0  __rtentry2.o(.ARM.Collect$$rtentry$$0000000C)
    __rt_exit                                0x08000273   Thumb Code     0  rtexit.o(.ARM.Collect$$rtexit$$00000000)
    __rt_exit_ls                             0x08000275   Thumb Code     0  rtexit2.o(.ARM.Collect$$rtexit$$00000003)
    __rt_exit_prels_1                        0x08000275   Thumb Code     0  rtexit2.o(.ARM.Collect$$rtexit$$00000002)
    __rt_exit_exit                           0x08000279   Thumb Code     0  rtexit2.o(.ARM.Collect$$rtexit$$00000004)
    NMI_Handler                              0x08000281   Thumb Code     2  stm32f10x_it.o(.text)
    _maybe_terminate_alloc                   0x08000281   Thumb Code     0  maybetermalloc1.o(.emb_text)
    HardFault_Handler                        0x08000283   Thumb Code    12  stm32f10x_it.o(.text)
    MemManage_Handler                        0x0800028f   Thumb Code    12  stm32f10x_it.o(.text)
    BusFault_Handler                         0x0800029b   Thumb Code    12  stm32f10x_it.o(.text)
    UsageFault_Handler                       0x080002a7   Thumb Code    12  stm32f10x_it.o(.text)
    SVC_Handler                              0x080002b3   Thumb Code     2  stm32f10x_it.o(.text)
    DebugMon_Handler                         0x080002b5   Thumb Code     2  stm32f10x_it.o(.text)
    SysTick_Handler                          0x080002b7   Thumb Code     2  stm32f10x_it.o(.text)
    EXTI0_IRQHandler                         0x080002b9   Thumb Code     2  stm32f10x_it.o(.text)
    RTC_IRQHandler                           0x080002bb   Thumb Code     2  stm32f10x_it.o(.text)
    SystemInit                               0x08000493   Thumb Code    78  system_stm32f10x.o(.text)
    SystemCoreClockUpdate                    0x080004e1   Thumb Code   142  system_stm32f10x.o(.text)
    Reset_Handler                            0x0800059d   Thumb Code     8  startup_stm32f10x_hd.o(.text)
    PendSV_Handler                           0x080005b3   Thumb Code     2  startup_stm32f10x_hd.o(.text)
    ADC1_2_IRQHandler                        0x080005b7   Thumb Code     0  startup_stm32f10x_hd.o(.text)
    ADC3_IRQHandler                          0x080005b7   Thumb Code     0  startup_stm32f10x_hd.o(.text)
    CAN1_RX1_IRQHandler                      0x080005b7   Thumb Code     0  startup_stm32f10x_hd.o(.text)
    CAN1_SCE_IRQHandler                      0x080005b7   Thumb Code     0  startup_stm32f10x_hd.o(.text)
    DMA1_Channel1_IRQHandler                 0x080005b7   Thumb Code     0  startup_stm32f10x_hd.o(.text)
    DMA1_Channel2_IRQHandler                 0x080005b7   Thumb Code     0  startup_stm32f10x_hd.o(.text)
    DMA1_Channel3_IRQHandler                 0x080005b7   Thumb Code     0  startup_stm32f10x_hd.o(.text)
    DMA1_Channel4_IRQHandler                 0x080005b7   Thumb Code     0  startup_stm32f10x_hd.o(.text)
    DMA1_Channel5_IRQHandler                 0x080005b7   Thumb Code     0  startup_stm32f10x_hd.o(.text)
    DMA1_Channel6_IRQHandler                 0x080005b7   Thumb Code     0  startup_stm32f10x_hd.o(.text)
    DMA1_Channel7_IRQHandler                 0x080005b7   Thumb Code     0  startup_stm32f10x_hd.o(.text)
    DMA2_Channel1_IRQHandler                 0x080005b7   Thumb Code     0  startup_stm32f10x_hd.o(.text)
    DMA2_Channel2_IRQHandler                 0x080005b7   Thumb Code     0  startup_stm32f10x_hd.o(.text)
    DMA2_Channel3_IRQHandler                 0x080005b7   Thumb Code     0  startup_stm32f10x_hd.o(.text)
    DMA2_Channel4_5_IRQHandler               0x080005b7   Thumb Code     0  startup_stm32f10x_hd.o(.text)
    EXTI15_10_IRQHandler                     0x080005b7   Thumb Code     0  startup_stm32f10x_hd.o(.text)
    EXTI1_IRQHandler                         0x080005b7   Thumb Code     0  startup_stm32f10x_hd.o(.text)
    EXTI2_IRQHandler                         0x080005b7   Thumb Code     0  startup_stm32f10x_hd.o(.text)
    EXTI3_IRQHandler                         0x080005b7   Thumb Code     0  startup_stm32f10x_hd.o(.text)
    EXTI4_IRQHandler                         0x080005b7   Thumb Code     0  startup_stm32f10x_hd.o(.text)
    EXTI9_5_IRQHandler                       0x080005b7   Thumb Code     0  startup_stm32f10x_hd.o(.text)
    FLASH_IRQHandler                         0x080005b7   Thumb Code     0  startup_stm32f10x_hd.o(.text)
    FSMC_IRQHandler                          0x080005b7   Thumb Code     0  startup_stm32f10x_hd.o(.text)
    I2C1_ER_IRQHandler                       0x080005b7   Thumb Code     0  startup_stm32f10x_hd.o(.text)
    I2C1_EV_IRQHandler                       0x080005b7   Thumb Code     0  startup_stm32f10x_hd.o(.text)
    I2C2_ER_IRQHandler                       0x080005b7   Thumb Code     0  startup_stm32f10x_hd.o(.text)
    I2C2_EV_IRQHandler                       0x080005b7   Thumb Code     0  startup_stm32f10x_hd.o(.text)
    PVD_IRQHandler                           0x080005b7   Thumb Code     0  startup_stm32f10x_hd.o(.text)
    RCC_IRQHandler                           0x080005b7   Thumb Code     0  startup_stm32f10x_hd.o(.text)
    RTCAlarm_IRQHandler                      0x080005b7   Thumb Code     0  startup_stm32f10x_hd.o(.text)
    SDIO_IRQHandler                          0x080005b7   Thumb Code     0  startup_stm32f10x_hd.o(.text)
    SPI1_IRQHandler                          0x080005b7   Thumb Code     0  startup_stm32f10x_hd.o(.text)
    SPI2_IRQHandler                          0x080005b7   Thumb Code     0  startup_stm32f10x_hd.o(.text)
    SPI3_IRQHandler                          0x080005b7   Thumb Code     0  startup_stm32f10x_hd.o(.text)
    TAMPER_IRQHandler                        0x080005b7   Thumb Code     0  startup_stm32f10x_hd.o(.text)
    TIM1_BRK_IRQHandler                      0x080005b7   Thumb Code     0  startup_stm32f10x_hd.o(.text)
    TIM1_CC_IRQHandler                       0x080005b7   Thumb Code     0  startup_stm32f10x_hd.o(.text)
    TIM1_TRG_COM_IRQHandler                  0x080005b7   Thumb Code     0  startup_stm32f10x_hd.o(.text)
    TIM1_UP_IRQHandler                       0x080005b7   Thumb Code     0  startup_stm32f10x_hd.o(.text)
    TIM2_IRQHandler                          0x080005b7   Thumb Code     0  startup_stm32f10x_hd.o(.text)
    TIM3_IRQHandler                          0x080005b7   Thumb Code     0  startup_stm32f10x_hd.o(.text)
    TIM4_IRQHandler                          0x080005b7   Thumb Code     0  startup_stm32f10x_hd.o(.text)
    TIM5_IRQHandler                          0x080005b7   Thumb Code     0  startup_stm32f10x_hd.o(.text)
    TIM6_IRQHandler                          0x080005b7   Thumb Code     0  startup_stm32f10x_hd.o(.text)
    TIM8_BRK_IRQHandler                      0x080005b7   Thumb Code     0  startup_stm32f10x_hd.o(.text)
    TIM8_CC_IRQHandler                       0x080005b7   Thumb Code     0  startup_stm32f10x_hd.o(.text)
    TIM8_TRG_COM_IRQHandler                  0x080005b7   Thumb Code     0  startup_stm32f10x_hd.o(.text)
    TIM8_UP_IRQHandler                       0x080005b7   Thumb Code     0  startup_stm32f10x_hd.o(.text)
    UART4_IRQHandler                         0x080005b7   Thumb Code     0  startup_stm32f10x_hd.o(.text)
    UART5_IRQHandler                         0x080005b7   Thumb Code     0  startup_stm32f10x_hd.o(.text)
    USBWakeUp_IRQHandler                     0x080005b7   Thumb Code     0  startup_stm32f10x_hd.o(.text)
    USB_HP_CAN1_TX_IRQHandler                0x080005b7   Thumb Code     0  startup_stm32f10x_hd.o(.text)
    USB_LP_CAN1_RX0_IRQHandler               0x080005b7   Thumb Code     0  startup_stm32f10x_hd.o(.text)
    WWDG_IRQHandler                          0x080005b7   Thumb Code     0  startup_stm32f10x_hd.o(.text)
    __user_initial_stackheap                 0x080005b9   Thumb Code     0  startup_stm32f10x_hd.o(.text)
    NVIC_PriorityGroupConfig                 0x080005dd   Thumb Code    10  misc.o(.text)
    NVIC_Init                                0x080005e7   Thumb Code   100  misc.o(.text)
    NVIC_SetVectorTable                      0x0800064b   Thumb Code    14  misc.o(.text)
    NVIC_SystemLPConfig                      0x08000659   Thumb Code    34  misc.o(.text)
    SysTick_CLKSourceConfig                  0x0800067b   Thumb Code    40  misc.o(.text)
    GPIO_DeInit                              0x080006b9   Thumb Code   172  stm32f10x_gpio.o(.text)
    GPIO_AFIODeInit                          0x08000765   Thumb Code    20  stm32f10x_gpio.o(.text)
    GPIO_Init                                0x08000779   Thumb Code   278  stm32f10x_gpio.o(.text)
    GPIO_StructInit                          0x0800088f   Thumb Code    16  stm32f10x_gpio.o(.text)
    GPIO_ReadInputDataBit                    0x0800089f   Thumb Code    18  stm32f10x_gpio.o(.text)
    GPIO_ReadInputData                       0x080008b1   Thumb Code     8  stm32f10x_gpio.o(.text)
    GPIO_ReadOutputDataBit                   0x080008b9   Thumb Code    18  stm32f10x_gpio.o(.text)
    GPIO_ReadOutputData                      0x080008cb   Thumb Code     8  stm32f10x_gpio.o(.text)
    GPIO_SetBits                             0x080008d3   Thumb Code     4  stm32f10x_gpio.o(.text)
    GPIO_ResetBits                           0x080008d7   Thumb Code     4  stm32f10x_gpio.o(.text)
    GPIO_WriteBit                            0x080008db   Thumb Code    10  stm32f10x_gpio.o(.text)
    GPIO_Write                               0x080008e5   Thumb Code     4  stm32f10x_gpio.o(.text)
    GPIO_PinLockConfig                       0x080008e9   Thumb Code    18  stm32f10x_gpio.o(.text)
    GPIO_EventOutputConfig                   0x080008fb   Thumb Code    26  stm32f10x_gpio.o(.text)
    GPIO_EventOutputCmd                      0x08000915   Thumb Code     6  stm32f10x_gpio.o(.text)
    GPIO_PinRemapConfig                      0x0800091b   Thumb Code   138  stm32f10x_gpio.o(.text)
    GPIO_EXTILineConfig                      0x080009a5   Thumb Code    66  stm32f10x_gpio.o(.text)
    GPIO_ETH_MediaInterfaceConfig            0x080009e7   Thumb Code     8  stm32f10x_gpio.o(.text)
    RCC_DeInit                               0x08000a15   Thumb Code    64  stm32f10x_rcc.o(.text)
    RCC_HSEConfig                            0x08000a55   Thumb Code    70  stm32f10x_rcc.o(.text)
    RCC_GetFlagStatus                        0x08000a9b   Thumb Code    56  stm32f10x_rcc.o(.text)
    RCC_WaitForHSEStartUp                    0x08000ad3   Thumb Code    56  stm32f10x_rcc.o(.text)
    RCC_AdjustHSICalibrationValue            0x08000b0b   Thumb Code    20  stm32f10x_rcc.o(.text)
    RCC_HSICmd                               0x08000b1f   Thumb Code     6  stm32f10x_rcc.o(.text)
    RCC_PLLConfig                            0x08000b25   Thumb Code    24  stm32f10x_rcc.o(.text)
    RCC_PLLCmd                               0x08000b3d   Thumb Code     6  stm32f10x_rcc.o(.text)
    RCC_SYSCLKConfig                         0x08000b43   Thumb Code    18  stm32f10x_rcc.o(.text)
    RCC_GetSYSCLKSource                      0x08000b55   Thumb Code    10  stm32f10x_rcc.o(.text)
    RCC_HCLKConfig                           0x08000b5f   Thumb Code    18  stm32f10x_rcc.o(.text)
    RCC_PCLK1Config                          0x08000b71   Thumb Code    18  stm32f10x_rcc.o(.text)
    RCC_PCLK2Config                          0x08000b83   Thumb Code    20  stm32f10x_rcc.o(.text)
    RCC_ITConfig                             0x08000b97   Thumb Code    26  stm32f10x_rcc.o(.text)
    RCC_USBCLKConfig                         0x08000bb1   Thumb Code     8  stm32f10x_rcc.o(.text)
    RCC_ADCCLKConfig                         0x08000bb9   Thumb Code    18  stm32f10x_rcc.o(.text)
    RCC_LSEConfig                            0x08000bcb   Thumb Code    50  stm32f10x_rcc.o(.text)
    RCC_LSICmd                               0x08000bfd   Thumb Code     6  stm32f10x_rcc.o(.text)
    RCC_RTCCLKConfig                         0x08000c03   Thumb Code    12  stm32f10x_rcc.o(.text)
    RCC_RTCCLKCmd                            0x08000c0f   Thumb Code     8  stm32f10x_rcc.o(.text)
    RCC_GetClocksFreq                        0x08000c17   Thumb Code   192  stm32f10x_rcc.o(.text)
    RCC_AHBPeriphClockCmd                    0x08000cd7   Thumb Code    26  stm32f10x_rcc.o(.text)
    RCC_APB2PeriphClockCmd                   0x08000cf1   Thumb Code    26  stm32f10x_rcc.o(.text)
    RCC_APB1PeriphClockCmd                   0x08000d0b   Thumb Code    26  stm32f10x_rcc.o(.text)
    RCC_APB2PeriphResetCmd                   0x08000d25   Thumb Code    26  stm32f10x_rcc.o(.text)
    RCC_APB1PeriphResetCmd                   0x08000d3f   Thumb Code    26  stm32f10x_rcc.o(.text)
    RCC_BackupResetCmd                       0x08000d59   Thumb Code     8  stm32f10x_rcc.o(.text)
    RCC_ClockSecuritySystemCmd               0x08000d61   Thumb Code     6  stm32f10x_rcc.o(.text)
    RCC_MCOConfig                            0x08000d67   Thumb Code     6  stm32f10x_rcc.o(.text)
    RCC_ClearFlag                            0x08000d6d   Thumb Code    14  stm32f10x_rcc.o(.text)
    RCC_GetITStatus                          0x08000d7b   Thumb Code    20  stm32f10x_rcc.o(.text)
    RCC_ClearITPendingBit                    0x08000d8f   Thumb Code     6  stm32f10x_rcc.o(.text)
    USART_DeInit                             0x08000dc1   Thumb Code   134  stm32f10x_usart.o(.text)
    USART_Init                               0x08000e47   Thumb Code   210  stm32f10x_usart.o(.text)
    USART_StructInit                         0x08000f19   Thumb Code    24  stm32f10x_usart.o(.text)
    USART_ClockInit                          0x08000f31   Thumb Code    34  stm32f10x_usart.o(.text)
    USART_ClockStructInit                    0x08000f53   Thumb Code    12  stm32f10x_usart.o(.text)
    USART_Cmd                                0x08000f5f   Thumb Code    24  stm32f10x_usart.o(.text)
    USART_ITConfig                           0x08000f77   Thumb Code    74  stm32f10x_usart.o(.text)
    USART_DMACmd                             0x08000fc1   Thumb Code    18  stm32f10x_usart.o(.text)
    USART_SetAddress                         0x08000fd3   Thumb Code    18  stm32f10x_usart.o(.text)
    USART_WakeUpConfig                       0x08000fe5   Thumb Code    18  stm32f10x_usart.o(.text)
    USART_ReceiverWakeUpCmd                  0x08000ff7   Thumb Code    24  stm32f10x_usart.o(.text)
    USART_LINBreakDetectLengthConfig         0x0800100f   Thumb Code    18  stm32f10x_usart.o(.text)
    USART_LINCmd                             0x08001021   Thumb Code    24  stm32f10x_usart.o(.text)
    USART_SendData                           0x08001039   Thumb Code     8  stm32f10x_usart.o(.text)
    USART_ReceiveData                        0x08001041   Thumb Code    10  stm32f10x_usart.o(.text)
    USART_SendBreak                          0x0800104b   Thumb Code    10  stm32f10x_usart.o(.text)
    USART_SetGuardTime                       0x08001055   Thumb Code    16  stm32f10x_usart.o(.text)
    USART_SetPrescaler                       0x08001065   Thumb Code    16  stm32f10x_usart.o(.text)
    USART_SmartCardCmd                       0x08001075   Thumb Code    24  stm32f10x_usart.o(.text)
    USART_SmartCardNACKCmd                   0x0800108d   Thumb Code    24  stm32f10x_usart.o(.text)
    USART_HalfDuplexCmd                      0x080010a5   Thumb Code    24  stm32f10x_usart.o(.text)
    USART_OverSampling8Cmd                   0x080010bd   Thumb Code    22  stm32f10x_usart.o(.text)
    USART_OneBitMethodCmd                    0x080010d3   Thumb Code    24  stm32f10x_usart.o(.text)
    USART_IrDAConfig                         0x080010eb   Thumb Code    18  stm32f10x_usart.o(.text)
    USART_IrDACmd                            0x080010fd   Thumb Code    24  stm32f10x_usart.o(.text)
    USART_GetFlagStatus                      0x08001115   Thumb Code    26  stm32f10x_usart.o(.text)
    USART_ClearFlag                          0x0800112f   Thumb Code    18  stm32f10x_usart.o(.text)
    USART_GetITStatus                        0x08001141   Thumb Code    84  stm32f10x_usart.o(.text)
    USART_ClearITPendingBit                  0x08001195   Thumb Code    52  stm32f10x_usart.o(.text)
    TIM_DeInit                               0x080011c9   Thumb Code   424  stm32f10x_tim.o(.text)
    TIM_TimeBaseInit                         0x08001371   Thumb Code   122  stm32f10x_tim.o(.text)
    TIM_OC1Init                              0x080013eb   Thumb Code   132  stm32f10x_tim.o(.text)
    TIM_OC2Init                              0x0800146f   Thumb Code   154  stm32f10x_tim.o(.text)
    TIM_OC3Init                              0x08001509   Thumb Code   150  stm32f10x_tim.o(.text)
    TIM_OC4Init                              0x0800159f   Thumb Code   182  stm32f10x_tim.o(.text)
    TIM_SetIC4Prescaler                      0x08001655   Thumb Code    26  stm32f10x_tim.o(.text)
    TIM_SetIC3Prescaler                      0x080016f1   Thumb Code    18  stm32f10x_tim.o(.text)
    TIM_SetIC2Prescaler                      0x0800177d   Thumb Code    26  stm32f10x_tim.o(.text)
    TIM_SetIC1Prescaler                      0x08001819   Thumb Code    18  stm32f10x_tim.o(.text)
    TIM_ICInit                               0x08001897   Thumb Code   150  stm32f10x_tim.o(.text)
    TIM_PWMIConfig                           0x0800192d   Thumb Code   124  stm32f10x_tim.o(.text)
    TIM_BDTRConfig                           0x080019a9   Thumb Code    32  stm32f10x_tim.o(.text)
    TIM_TimeBaseStructInit                   0x080019c9   Thumb Code    18  stm32f10x_tim.o(.text)
    TIM_OCStructInit                         0x080019db   Thumb Code    20  stm32f10x_tim.o(.text)
    TIM_ICStructInit                         0x080019ef   Thumb Code    18  stm32f10x_tim.o(.text)
    TIM_BDTRStructInit                       0x08001a01   Thumb Code    40  stm32f10x_tim.o(.text)
    TIM_Cmd                                  0x08001a29   Thumb Code    24  stm32f10x_tim.o(.text)
    TIM_CtrlPWMOutputs                       0x08001a41   Thumb Code    30  stm32f10x_tim.o(.text)
    TIM_ITConfig                             0x08001a5f   Thumb Code    18  stm32f10x_tim.o(.text)
    TIM_GenerateEvent                        0x08001a71   Thumb Code     4  stm32f10x_tim.o(.text)
    TIM_DMAConfig                            0x08001a75   Thumb Code    10  stm32f10x_tim.o(.text)
    TIM_DMACmd                               0x08001a7f   Thumb Code    18  stm32f10x_tim.o(.text)
    TIM_InternalClockConfig                  0x08001a91   Thumb Code    12  stm32f10x_tim.o(.text)
    TIM_SelectInputTrigger                   0x08001a9d   Thumb Code    18  stm32f10x_tim.o(.text)
    TIM_ITRxExternalClockConfig              0x08001aaf   Thumb Code    24  stm32f10x_tim.o(.text)
    TIM_TIxExternalClockConfig               0x08001ac7   Thumb Code    62  stm32f10x_tim.o(.text)
    TIM_ETRConfig                            0x08001b05   Thumb Code    28  stm32f10x_tim.o(.text)
    TIM_ETRClockMode1Config                  0x08001b21   Thumb Code    54  stm32f10x_tim.o(.text)
    TIM_ETRClockMode2Config                  0x08001b57   Thumb Code    32  stm32f10x_tim.o(.text)
    TIM_PrescalerConfig                      0x08001b77   Thumb Code     6  stm32f10x_tim.o(.text)
    TIM_CounterModeConfig                    0x08001b7d   Thumb Code    18  stm32f10x_tim.o(.text)
    TIM_EncoderInterfaceConfig               0x08001b8f   Thumb Code    66  stm32f10x_tim.o(.text)
    TIM_ForcedOC1Config                      0x08001bd1   Thumb Code    18  stm32f10x_tim.o(.text)
    TIM_ForcedOC2Config                      0x08001be3   Thumb Code    26  stm32f10x_tim.o(.text)
    TIM_ForcedOC3Config                      0x08001bfd   Thumb Code    18  stm32f10x_tim.o(.text)
    TIM_ForcedOC4Config                      0x08001c0f   Thumb Code    26  stm32f10x_tim.o(.text)
    TIM_ARRPreloadConfig                     0x08001c29   Thumb Code    24  stm32f10x_tim.o(.text)
    TIM_SelectCOM                            0x08001c41   Thumb Code    24  stm32f10x_tim.o(.text)
    TIM_SelectCCDMA                          0x08001c59   Thumb Code    24  stm32f10x_tim.o(.text)
    TIM_CCPreloadControl                     0x08001c71   Thumb Code    24  stm32f10x_tim.o(.text)
    TIM_OC1PreloadConfig                     0x08001c89   Thumb Code    18  stm32f10x_tim.o(.text)
    TIM_OC2PreloadConfig                     0x08001c9b   Thumb Code    26  stm32f10x_tim.o(.text)
    TIM_OC3PreloadConfig                     0x08001cb5   Thumb Code    18  stm32f10x_tim.o(.text)
    TIM_OC4PreloadConfig                     0x08001cc7   Thumb Code    26  stm32f10x_tim.o(.text)
    TIM_OC1FastConfig                        0x08001ce1   Thumb Code    18  stm32f10x_tim.o(.text)
    TIM_OC2FastConfig                        0x08001cf3   Thumb Code    26  stm32f10x_tim.o(.text)
    TIM_OC3FastConfig                        0x08001d0d   Thumb Code    18  stm32f10x_tim.o(.text)
    TIM_OC4FastConfig                        0x08001d1f   Thumb Code    26  stm32f10x_tim.o(.text)
    TIM_ClearOC1Ref                          0x08001d39   Thumb Code    18  stm32f10x_tim.o(.text)
    TIM_ClearOC2Ref                          0x08001d4b   Thumb Code    24  stm32f10x_tim.o(.text)
    TIM_ClearOC3Ref                          0x08001d63   Thumb Code    18  stm32f10x_tim.o(.text)
    TIM_ClearOC4Ref                          0x08001d75   Thumb Code    24  stm32f10x_tim.o(.text)
    TIM_OC1PolarityConfig                    0x08001d8d   Thumb Code    18  stm32f10x_tim.o(.text)
    TIM_OC1NPolarityConfig                   0x08001d9f   Thumb Code    18  stm32f10x_tim.o(.text)
    TIM_OC2PolarityConfig                    0x08001db1   Thumb Code    26  stm32f10x_tim.o(.text)
    TIM_OC2NPolarityConfig                   0x08001dcb   Thumb Code    26  stm32f10x_tim.o(.text)
    TIM_OC3PolarityConfig                    0x08001de5   Thumb Code    26  stm32f10x_tim.o(.text)
    TIM_OC3NPolarityConfig                   0x08001dff   Thumb Code    26  stm32f10x_tim.o(.text)
    TIM_OC4PolarityConfig                    0x08001e19   Thumb Code    26  stm32f10x_tim.o(.text)
    TIM_CCxCmd                               0x08001e33   Thumb Code    30  stm32f10x_tim.o(.text)
    TIM_CCxNCmd                              0x08001e51   Thumb Code    30  stm32f10x_tim.o(.text)
    TIM_SelectOCxM                           0x08001e6f   Thumb Code    82  stm32f10x_tim.o(.text)
    TIM_UpdateDisableConfig                  0x08001ec1   Thumb Code    24  stm32f10x_tim.o(.text)
    TIM_UpdateRequestConfig                  0x08001ed9   Thumb Code    24  stm32f10x_tim.o(.text)
    TIM_SelectHallSensor                     0x08001ef1   Thumb Code    24  stm32f10x_tim.o(.text)
    TIM_SelectOnePulseMode                   0x08001f09   Thumb Code    18  stm32f10x_tim.o(.text)
    TIM_SelectOutputTrigger                  0x08001f1b   Thumb Code    18  stm32f10x_tim.o(.text)
    TIM_SelectSlaveMode                      0x08001f2d   Thumb Code    18  stm32f10x_tim.o(.text)
    TIM_SelectMasterSlaveMode                0x08001f3f   Thumb Code    18  stm32f10x_tim.o(.text)
    TIM_SetCounter                           0x08001f51   Thumb Code     4  stm32f10x_tim.o(.text)
    TIM_SetAutoreload                        0x08001f55   Thumb Code     4  stm32f10x_tim.o(.text)
    TIM_SetCompare1                          0x08001f59   Thumb Code     4  stm32f10x_tim.o(.text)
    TIM_SetCompare2                          0x08001f5d   Thumb Code     4  stm32f10x_tim.o(.text)
    TIM_SetCompare3                          0x08001f61   Thumb Code     4  stm32f10x_tim.o(.text)
    TIM_SetCompare4                          0x08001f65   Thumb Code     6  stm32f10x_tim.o(.text)
    TIM_SetClockDivision                     0x08001f6b   Thumb Code    18  stm32f10x_tim.o(.text)
    TIM_GetCapture1                          0x08001f7d   Thumb Code     6  stm32f10x_tim.o(.text)
    TIM_GetCapture2                          0x08001f83   Thumb Code     6  stm32f10x_tim.o(.text)
    TIM_GetCapture3                          0x08001f89   Thumb Code     6  stm32f10x_tim.o(.text)
    TIM_GetCapture4                          0x08001f8f   Thumb Code     8  stm32f10x_tim.o(.text)
    TIM_GetCounter                           0x08001f97   Thumb Code     6  stm32f10x_tim.o(.text)
    TIM_GetPrescaler                         0x08001f9d   Thumb Code     6  stm32f10x_tim.o(.text)
    TIM_GetFlagStatus                        0x08001fa3   Thumb Code    18  stm32f10x_tim.o(.text)
    TIM_ClearFlag                            0x08001fb5   Thumb Code     6  stm32f10x_tim.o(.text)
    TIM_GetITStatus                          0x08001fbb   Thumb Code    34  stm32f10x_tim.o(.text)
    TIM_ClearITPendingBit                    0x08001fdd   Thumb Code     6  stm32f10x_tim.o(.text)
    ADC_DeInit                               0x08001fe5   Thumb Code    78  stm32f10x_adc.o(.text)
    ADC_Init                                 0x08002033   Thumb Code    70  stm32f10x_adc.o(.text)
    ADC_StructInit                           0x08002079   Thumb Code    18  stm32f10x_adc.o(.text)
    ADC_Cmd                                  0x0800208b   Thumb Code    22  stm32f10x_adc.o(.text)
    ADC_DMACmd                               0x080020a1   Thumb Code    22  stm32f10x_adc.o(.text)
    ADC_ITConfig                             0x080020b7   Thumb Code    24  stm32f10x_adc.o(.text)
    ADC_ResetCalibration                     0x080020cf   Thumb Code    10  stm32f10x_adc.o(.text)
    ADC_GetResetCalibrationStatus            0x080020d9   Thumb Code    20  stm32f10x_adc.o(.text)
    ADC_StartCalibration                     0x080020ed   Thumb Code    10  stm32f10x_adc.o(.text)
    ADC_GetCalibrationStatus                 0x080020f7   Thumb Code    20  stm32f10x_adc.o(.text)
    ADC_SoftwareStartConvCmd                 0x0800210b   Thumb Code    22  stm32f10x_adc.o(.text)
    ADC_GetSoftwareStartConvStatus           0x08002121   Thumb Code    20  stm32f10x_adc.o(.text)
    ADC_DiscModeChannelCountConfig           0x08002135   Thumb Code    24  stm32f10x_adc.o(.text)
    ADC_DiscModeCmd                          0x0800214d   Thumb Code    22  stm32f10x_adc.o(.text)
    ADC_RegularChannelConfig                 0x08002163   Thumb Code   184  stm32f10x_adc.o(.text)
    ADC_ExternalTrigConvCmd                  0x0800221b   Thumb Code    22  stm32f10x_adc.o(.text)
    ADC_GetConversionValue                   0x08002231   Thumb Code     8  stm32f10x_adc.o(.text)
    ADC_GetDualModeConversionValue           0x08002239   Thumb Code     8  stm32f10x_adc.o(.text)
    ADC_AutoInjectedConvCmd                  0x08002241   Thumb Code    22  stm32f10x_adc.o(.text)
    ADC_InjectedDiscModeCmd                  0x08002257   Thumb Code    22  stm32f10x_adc.o(.text)
    ADC_ExternalTrigInjectedConvConfig       0x0800226d   Thumb Code    16  stm32f10x_adc.o(.text)
    ADC_ExternalTrigInjectedConvCmd          0x0800227d   Thumb Code    22  stm32f10x_adc.o(.text)
    ADC_SoftwareStartInjectedConvCmd         0x08002293   Thumb Code    22  stm32f10x_adc.o(.text)
    ADC_GetSoftwareStartInjectedConvCmdStatus 0x080022a9   Thumb Code    20  stm32f10x_adc.o(.text)
    ADC_InjectedChannelConfig                0x080022bd   Thumb Code   130  stm32f10x_adc.o(.text)
    ADC_InjectedSequencerLengthConfig        0x0800233f   Thumb Code    24  stm32f10x_adc.o(.text)
    ADC_SetInjectedOffset                    0x08002357   Thumb Code    20  stm32f10x_adc.o(.text)
    ADC_GetInjectedConversionValue           0x0800236b   Thumb Code    28  stm32f10x_adc.o(.text)
    ADC_AnalogWatchdogCmd                    0x08002387   Thumb Code    16  stm32f10x_adc.o(.text)
    ADC_AnalogWatchdogThresholdsConfig       0x08002397   Thumb Code     6  stm32f10x_adc.o(.text)
    ADC_AnalogWatchdogSingleChannelConfig    0x0800239d   Thumb Code    16  stm32f10x_adc.o(.text)
    ADC_TempSensorVrefintCmd                 0x080023ad   Thumb Code    64  stm32f10x_adc.o(.text)
    ADC_GetFlagStatus                        0x080023ed   Thumb Code    18  stm32f10x_adc.o(.text)
    ADC_ClearFlag                            0x080023ff   Thumb Code     6  stm32f10x_adc.o(.text)
    ADC_GetITStatus                          0x08002405   Thumb Code    36  stm32f10x_adc.o(.text)
    ADC_ClearITPendingBit                    0x08002429   Thumb Code    10  stm32f10x_adc.o(.text)
    DMA_DeInit                               0x08002435   Thumb Code   324  stm32f10x_dma.o(.text)
    DMA_Init                                 0x08002579   Thumb Code    60  stm32f10x_dma.o(.text)
    DMA_StructInit                           0x080025b5   Thumb Code    26  stm32f10x_dma.o(.text)
    DMA_Cmd                                  0x080025cf   Thumb Code    24  stm32f10x_dma.o(.text)
    DMA_ITConfig                             0x080025e7   Thumb Code    18  stm32f10x_dma.o(.text)
    DMA_SetCurrDataCounter                   0x080025f9   Thumb Code     4  stm32f10x_dma.o(.text)
    DMA_GetCurrDataCounter                   0x080025fd   Thumb Code     8  stm32f10x_dma.o(.text)
    DMA_GetFlagStatus                        0x08002605   Thumb Code    40  stm32f10x_dma.o(.text)
    DMA_ClearFlag                            0x0800262d   Thumb Code    22  stm32f10x_dma.o(.text)
    DMA_GetITStatus                          0x08002643   Thumb Code    40  stm32f10x_dma.o(.text)
    DMA_ClearITPendingBit                    0x0800266b   Thumb Code    22  stm32f10x_dma.o(.text)
    Beep_Set                                 0x08002689   Thumb Code    20  beep.o(.text)
    Beep_Init                                0x0800269d   Thumb Code    60  beep.o(.text)
    Delay_Init                               0x080026e5   Thumb Code    48  delay.o(.text)
    DelayUs                                  0x08002715   Thumb Code    60  delay.o(.text)
    DelayXms                                 0x08002751   Thumb Code    66  delay.o(.text)
    DelayMs                                  0x08002793   Thumb Code    60  delay.o(.text)
    Usart1_Init                              0x080027d9   Thumb Code   166  usart.o(.text)
    Usart2_Init                              0x0800287f   Thumb Code   162  usart.o(.text)
    Usart_SendString                         0x08002921   Thumb Code    50  usart.o(.text)
    UsartPrintf                              0x08002953   Thumb Code    72  usart.o(.text)
    USART1_IRQHandler                        0x0800299b   Thumb Code    24  usart.o(.text)
    CRC_Compute                              0x080029c1   Thumb Code    48  crc16.o(.text)
    Timer7_Init                              0x080029f9   Thumb Code    84  master.o(.text)
    RS485_Init                               0x08002a4d   Thumb Code   190  master.o(.text)
    USART3_IRQHandler                        0x08002b0b   Thumb Code    92  master.o(.text)
    TIM7_IRQHandler                          0x08002b67   Thumb Code    36  master.o(.text)
    RS485_SendData                           0x08002b8b   Thumb Code    64  master.o(.text)
    Master_03_Slove                          0x08002bcb   Thumb Code    66  master.o(.text)
    Master_Service                           0x08002c0d   Thumb Code    36  master.o(.text)
    Modbus_03_Solve                          0x08002c31   Thumb Code   184  master.o(.text)
    RS485_RX_Service                         0x08002ce9   Thumb Code   412  master.o(.text)
    ADCx_Init                                0x0800302d   Thumb Code    12  bsp_adc.o(.text)
    Hardware_Init                            0x0800304d   Thumb Code    56  main.o(.text)
    main                                     0x08003085   Thumb Code   304  main.o(.text)
    OneNet_DevLink                           0x08003239   Thumb Code   212  onenet.o(.text)
    OneNet_FillBuf                           0x0800330d   Thumb Code  1200  onenet.o(.text)
    OneNet_SendData                          0x080037bd   Thumb Code   132  onenet.o(.text)
    OneNet_RevPro                            0x08003841   Thumb Code   238  onenet.o(.text)
    MQTT_NewBuffer                           0x080039e1   Thumb Code    88  mqttkit.o(.text)
    MQTT_DeleteBuffer                        0x08003a39   Thumb Code    28  mqttkit.o(.text)
    MQTT_DumpLength                          0x08003a55   Thumb Code    46  mqttkit.o(.text)
    MQTT_ReadLength                          0x08003a83   Thumb Code    70  mqttkit.o(.text)
    MQTT_UnPacketRecv                        0x08003ac9   Thumb Code   106  mqttkit.o(.text)
    MQTT_PacketConnect                       0x08003b33   Thumb Code   666  mqttkit.o(.text)
    MQTT_PacketDisConnect                    0x08003dcd   Thumb Code    48  mqttkit.o(.text)
    MQTT_UnPacketConnectAck                  0x08003dfd   Thumb Code    30  mqttkit.o(.text)
    MQTT_PacketPublish                       0x08003e1b   Thumb Code   318  mqttkit.o(.text)
    MQTT_PacketSaveData                      0x08003f59   Thumb Code    88  mqttkit.o(.text)
    MQTT_UnPacketCmd                         0x08003fb1   Thumb Code   140  mqttkit.o(.text)
    MQTT_PacketCmdResp                       0x0800403d   Thumb Code   132  mqttkit.o(.text)
    MQTT_PacketSubscribe                     0x080040c1   Thumb Code   254  mqttkit.o(.text)
    MQTT_UnPacketSubscribe                   0x080041bf   Thumb Code    52  mqttkit.o(.text)
    MQTT_PacketUnSubscribe                   0x080041f3   Thumb Code   238  mqttkit.o(.text)
    MQTT_UnPacketUnSubscribe                 0x080042e1   Thumb Code    18  mqttkit.o(.text)
    MQTT_UnPacketPublish                     0x080042f3   Thumb Code   454  mqttkit.o(.text)
    MQTT_PacketPublishAck                    0x080044b9   Thumb Code    72  mqttkit.o(.text)
    MQTT_UnPacketPublishAck                  0x08004501   Thumb Code    30  mqttkit.o(.text)
    MQTT_PacketPublishRec                    0x0800451f   Thumb Code    72  mqttkit.o(.text)
    MQTT_UnPacketPublishRec                  0x08004567   Thumb Code    30  mqttkit.o(.text)
    MQTT_PacketPublishRel                    0x08004585   Thumb Code    72  mqttkit.o(.text)
    MQTT_UnPacketPublishRel                  0x080045cd   Thumb Code    36  mqttkit.o(.text)
    MQTT_PacketPublishComp                   0x080045f1   Thumb Code    72  mqttkit.o(.text)
    MQTT_UnPacketPublishComp                 0x08004639   Thumb Code    30  mqttkit.o(.text)
    MQTT_PacketPing                          0x08004657   Thumb Code    48  mqttkit.o(.text)
    M6312_Clear                              0x08004689   Thumb Code    18  m6312.o(.text)
    M6312_WaitRecive                         0x0800469b   Thumb Code    42  m6312.o(.text)
    M6312_SendCmd                            0x080046c5   Thumb Code    76  m6312.o(.text)
    M6312_SendData                           0x08004711   Thumb Code    46  m6312.o(.text)
    M6312_GetIPD                             0x0800473f   Thumb Code    66  m6312.o(.text)
    M6312_Init                               0x08004781   Thumb Code   418  m6312.o(.text)
    USART2_IRQHandler                        0x08004923   Thumb Code    62  m6312.o(.text)
    malloc                                   0x08004af1   Thumb Code    94  h1_alloc.o(.text)
    free                                     0x08004b4f   Thumb Code    78  h1_free.o(.text)
    __c89vsnprintf                           0x08004b9d   Thumb Code    48  c89vsnprintf.o(.text)
    __2sprintf                               0x08004bd1   Thumb Code    38  __2sprintf.o(.text)
    _printf_int_dec                          0x08004bfd   Thumb Code   104  _printf_dec.o(.text)
    __printf                                 0x08004c75   Thumb Code   388  __printf_flags_ss_wp.o(.text)
    atoi                                     0x08004dfd   Thumb Code    26  atoi.o(.text)
    strchr                                   0x08004e17   Thumb Code    20  strchr.o(.text)
    strncat                                  0x08004e2b   Thumb Code    36  strncat.o(.text)
    strstr                                   0x08004e4f   Thumb Code    36  strstr.o(.text)
    strcpy                                   0x08004e73   Thumb Code    72  strcpy.o(.text)
    strlen                                   0x08004ebb   Thumb Code    62  strlen.o(.text)
    strcat                                   0x08004ef9   Thumb Code    24  strcat.o(.text)
    __aeabi_memcpy                           0x08004f11   Thumb Code     0  rt_memcpy_v6.o(.text)
    __rt_memcpy                              0x08004f11   Thumb Code   138  rt_memcpy_v6.o(.text)
    _memcpy_lastbytes                        0x08004f77   Thumb Code     0  rt_memcpy_v6.o(.text)
    __aeabi_memclr                           0x08004f9b   Thumb Code     0  rt_memclr.o(.text)
    __rt_memclr                              0x08004f9b   Thumb Code    68  rt_memclr.o(.text)
    _memset                                  0x08004f9f   Thumb Code     0  rt_memclr.o(.text)
    __aeabi_memclr4                          0x08004fdf   Thumb Code     0  rt_memclr_w.o(.text)
    __aeabi_memclr8                          0x08004fdf   Thumb Code     0  rt_memclr_w.o(.text)
    __rt_memclr_w                            0x08004fdf   Thumb Code    78  rt_memclr_w.o(.text)
    _memset_w                                0x08004fe3   Thumb Code     0  rt_memclr_w.o(.text)
    __use_two_region_memory                  0x0800502d   Thumb Code     2  heapauxi.o(.text)
    __rt_heap_escrow                         0x0800502f   Thumb Code     2  heapauxi.o(.text)
    __rt_heap_expand                         0x08005031   Thumb Code     2  heapauxi.o(.text)
    __rt_heap_descriptor                     0x08005035   Thumb Code     8  rt_heap_descriptor_intlibspace.o(.text)
    __aeabi_errno_addr                       0x0800503d   Thumb Code     8  rt_errno_addr_intlibspace.o(.text)
    __errno$intlibspace                      0x0800503d   Thumb Code     0  rt_errno_addr_intlibspace.o(.text)
    __rt_errno_addr$intlibspace              0x0800503d   Thumb Code     0  rt_errno_addr_intlibspace.o(.text)
    __use_no_heap                            0x08005045   Thumb Code     2  hguard.o(.text)
    __heap$guard                             0x08005047   Thumb Code     2  hguard.o(.text)
    _terminate_user_alloc                    0x08005049   Thumb Code     2  init_alloc.o(.text)
    _init_user_alloc                         0x0800504b   Thumb Code     2  init_alloc.o(.text)
    __Heap_Full                              0x0800504d   Thumb Code    34  init_alloc.o(.text)
    __Heap_Broken                            0x0800506f   Thumb Code     6  init_alloc.o(.text)
    _init_alloc                              0x08005075   Thumb Code    94  init_alloc.o(.text)
    __Heap_Initialize                        0x080050d3   Thumb Code    10  h1_init.o(.text)
    __Heap_DescSize                          0x080050dd   Thumb Code     4  h1_init.o(.text)
    _printf_pre_padding                      0x080050e1   Thumb Code    44  _printf_pad.o(.text)
    _printf_post_padding                     0x0800510d   Thumb Code    34  _printf_pad.o(.text)
    _printf_truncate_signed                  0x0800512f   Thumb Code    18  _printf_truncate.o(.text)
    _printf_truncate_unsigned                0x08005141   Thumb Code    18  _printf_truncate.o(.text)
    _printf_str                              0x08005153   Thumb Code    82  _printf_str.o(.text)
    _printf_int_common                       0x080051a5   Thumb Code   178  _printf_intcommon.o(.text)
    _printf_charcount                        0x08005257   Thumb Code    40  _printf_charcount.o(.text)
    __lib_sel_fp_printf                      0x0800527f   Thumb Code     2  _printf_fp_dec.o(.text)
    _printf_fp_dec_real                      0x0800542d   Thumb Code   620  _printf_fp_dec.o(.text)
    _printf_char_common                      0x080056a3   Thumb Code    32  _printf_char_common.o(.text)
    _sputc                                   0x080056c9   Thumb Code    10  _sputc.o(.text)
    _snputc                                  0x080056d3   Thumb Code    16  _snputc.o(.text)
    _printf_wctomb                           0x080056e5   Thumb Code   182  _printf_wctomb.o(.text)
    _printf_longlong_dec                     0x080057a1   Thumb Code   108  _printf_longlong_dec.o(.text)
    _printf_longlong_oct                     0x0800581d   Thumb Code    68  _printf_oct_int_ll.o(.text)
    _printf_int_oct                          0x08005861   Thumb Code    24  _printf_oct_int_ll.o(.text)
    _printf_ll_oct                           0x08005879   Thumb Code    12  _printf_oct_int_ll.o(.text)
    _printf_longlong_hex                     0x0800588d   Thumb Code    86  _printf_hex_int_ll_ptr.o(.text)
    _printf_int_hex                          0x080058e3   Thumb Code    28  _printf_hex_int_ll_ptr.o(.text)
    _printf_ll_hex                           0x080058ff   Thumb Code    12  _printf_hex_int_ll_ptr.o(.text)
    _printf_hex_ptr                          0x0800590b   Thumb Code    18  _printf_hex_int_ll_ptr.o(.text)
    strtol                                   0x08005921   Thumb Code   112  strtol.o(.text)
    __aeabi_memcpy4                          0x08005991   Thumb Code     0  rt_memcpy_w.o(.text)
    __aeabi_memcpy8                          0x08005991   Thumb Code     0  rt_memcpy_w.o(.text)
    __rt_memcpy_w                            0x08005991   Thumb Code   100  rt_memcpy_w.o(.text)
    _memcpy_lastbytes_aligned                0x080059d9   Thumb Code     0  rt_memcpy_w.o(.text)
    __user_libspace                          0x080059f5   Thumb Code     8  libspace.o(.text)
    __user_perproc_libspace                  0x080059f5   Thumb Code     0  libspace.o(.text)
    __user_perthread_libspace                0x080059f5   Thumb Code     0  libspace.o(.text)
    __rt_ctype_table                         0x080059fd   Thumb Code    16  rt_ctype_table.o(.text)
    __rt_locale                              0x08005a0d   Thumb Code     8  rt_locale_intlibspace.o(.text)
    __Heap_ProvideMemory                     0x08005a15   Thumb Code    52  h1_extend.o(.text)
    _ll_udiv10                               0x08005a49   Thumb Code   138  lludiv10.o(.text)
    _printf_fp_infnan                        0x08005ad5   Thumb Code   112  _printf_fp_infnan.o(.text)
    _printf_cs_common                        0x08005b55   Thumb Code    20  _printf_char.o(.text)
    _printf_char                             0x08005b69   Thumb Code    16  _printf_char.o(.text)
    _printf_string                           0x08005b79   Thumb Code     8  _printf_char.o(.text)
    _printf_lcs_common                       0x08005b81   Thumb Code    20  _printf_wchar.o(.text)
    _printf_wchar                            0x08005b95   Thumb Code    16  _printf_wchar.o(.text)
    _printf_wstring                          0x08005ba5   Thumb Code     8  _printf_wchar.o(.text)
    _strtoul                                 0x08005bad   Thumb Code   158  _strtoul.o(.text)
    _btod_etento                             0x08005c4d   Thumb Code   216  bigflt0.o(.text)
    _wcrtomb                                 0x08005d29   Thumb Code    64  _wcrtomb.o(.text)
    __rt_SIGRTMEM                            0x08005d69   Thumb Code    14  defsig_rtmem_outer.o(.text)
    __I$use$semihosting                      0x08005d77   Thumb Code     0  use_no_semi.o(.text)
    __use_no_semihosting_swi                 0x08005d77   Thumb Code     2  use_no_semi.o(.text)
    __semihosting_library_function           0x08005d79   Thumb Code     0  indicate_semi.o(.text)
    __user_setup_stackheap                   0x08005d79   Thumb Code    74  sys_stackheap_outer.o(.text)
    _chval                                   0x08005dc3   Thumb Code    28  _chval.o(.text)
    exit                                     0x08005ddf   Thumb Code    12  exit.o(.text)
    __sig_exit                               0x08005deb   Thumb Code    10  defsig_exit.o(.text)
    __rt_SIGRTMEM_inner                      0x08005df5   Thumb Code    22  defsig_rtmem_inner.o(.text)
    strcmp                                   0x08005e45   Thumb Code   128  strcmpv7m.o(.text)
    _sys_exit                                0x08005ec5   Thumb Code     8  sys_exit.o(.text)
    __default_signal_display                 0x08005ed1   Thumb Code    50  defsig_general.o(.text)
    _ttywrch                                 0x08005f03   Thumb Code    14  sys_wrch.o(.text)
    _btod_d2e                                0x08005f11   Thumb Code    62  btod.o(CL$$btod_d2e)
    _d2e_denorm_low                          0x08005f4f   Thumb Code    70  btod.o(CL$$btod_d2e_denorm_low)
    _d2e_norm_op1                            0x08005f95   Thumb Code    96  btod.o(CL$$btod_d2e_norm_op1)
    __btod_div_common                        0x08005ff5   Thumb Code   696  btod.o(CL$$btod_div_common)
    _e2e                                     0x0800632d   Thumb Code   198  btod.o(CL$$btod_e2e)
    _btod_ediv                               0x080063f3   Thumb Code    40  btod.o(CL$$btod_ediv)
    _btod_emul                               0x0800641b   Thumb Code    40  btod.o(CL$$btod_emul)
    __btod_mult_common                       0x08006443   Thumb Code   580  btod.o(CL$$btod_mult_common)
    __ARM_fpclassify                         0x08006687   Thumb Code    40  fpclassify.o(i.__ARM_fpclassify)
    _is_digit                                0x080066af   Thumb Code    14  __printf_wp.o(i._is_digit)
    _get_lc_numeric                          0x080066bd   Thumb Code    44  lc_numeric_c.o(locale$$code)
    _get_lc_ctype                            0x080066e9   Thumb Code    44  lc_ctype_c.o(locale$$code)
    __aeabi_d2f                              0x08006715   Thumb Code     0  d2f.o(x$fpl$d2f)
    _d2f                                     0x08006715   Thumb Code    98  d2f.o(x$fpl$d2f)
    __aeabi_dadd                             0x08006779   Thumb Code     0  daddsub_clz.o(x$fpl$dadd)
    _dadd                                    0x08006779   Thumb Code   332  daddsub_clz.o(x$fpl$dadd)
    __aeabi_dmul                             0x080068c9   Thumb Code     0  dmul.o(x$fpl$dmul)
    _dmul                                    0x080068c9   Thumb Code   332  dmul.o(x$fpl$dmul)
    __fpl_dnaninf                            0x08006a1d   Thumb Code   156  dnaninf.o(x$fpl$dnaninf)
    __fpl_dretinf                            0x08006ab9   Thumb Code    12  dretinf.o(x$fpl$dretinf)
    __aeabi_dsub                             0x08006ac5   Thumb Code     0  daddsub_clz.o(x$fpl$dsub)
    _dsub                                    0x08006ac5   Thumb Code   464  daddsub_clz.o(x$fpl$dsub)
    __aeabi_f2d                              0x08006c99   Thumb Code     0  f2d.o(x$fpl$f2d)
    _f2d                                     0x08006c99   Thumb Code    86  f2d.o(x$fpl$f2d)
    __aeabi_fdiv                             0x08006cf1   Thumb Code     0  fdiv.o(x$fpl$fdiv)
    _fdiv                                    0x08006cf1   Thumb Code   384  fdiv.o(x$fpl$fdiv)
    __aeabi_ui2f                             0x08006e75   Thumb Code     0  fflt_clz.o(x$fpl$ffltu)
    _ffltu                                   0x08006e75   Thumb Code    38  fflt_clz.o(x$fpl$ffltu)
    __fpl_fnaninf                            0x08006e9b   Thumb Code   140  fnaninf.o(x$fpl$fnaninf)
    __fpl_fretinf                            0x08006f27   Thumb Code    10  fretinf.o(x$fpl$fretinf)
    _printf_fp_dec                           0x08006f31   Thumb Code     4  printf1.o(x$fpl$printf1)
    __I$use$fp                               0x08006f34   Number         0  usenofp.o(x$fpl$usenofp)
    auchCRCHi                                0x08006f34   Data         256  crc16.o(.constdata)
    auchCRCLo                                0x08007034   Data         256  crc16.o(.constdata)
    Region$$Table$$Base                      0x0800720c   Number         0  anon$$obj.o(Region$$Table)
    Region$$Table$$Limit                     0x0800722c   Number         0  anon$$obj.o(Region$$Table)
    __ctype                                  0x08007255   Data           0  lc_ctype_c.o(locale$$data)
    SystemCoreClock                          0x20000000   Data           4  system_stm32f10x.o(.data)
    AHBPrescTable                            0x20000004   Data          16  system_stm32f10x.o(.data)
    beep_info                                0x20000028   Data           1  beep.o(.data)
    UsCount                                  0x2000002a   Data           1  delay.o(.data)
    MsCount                                  0x2000002c   Data           2  delay.o(.data)
    RS485_RX_CNT                             0x20000030   Data           2  master.o(.data)
    RS485_RxFlag                             0x20000032   Data           1  master.o(.data)
    RS485_TX_BUFF                            0x20000033   Data           8  master.o(.data)
    RS485_TX_CNT                             0x2000003c   Data           2  master.o(.data)
    RS485_TxFlag                             0x2000003e   Data           1  master.o(.data)
    TX_RX_SET                                0x2000003f   Data           1  master.o(.data)
    ComErr                                   0x20000040   Data           1  master.o(.data)
    Temp                                     0x20000044   Data           4  master.o(.data)
    Cod                                      0x20000048   Data           4  master.o(.data)
    Toc                                      0x2000004c   Data           4  master.o(.data)
    NTU                                      0x20000050   Data           4  master.o(.data)
    Turbidity                                0x20000054   Data           4  master.o(.data)
    ADC_ConvertedValue                       0x20000058   Data           4  bsp_adc.o(.data)
    ADC_ConvertedValueLocal                  0x2000005c   Data           8  onenet.o(.data)
    m6312_cnt                                0x20000064   Data           2  m6312.o(.data)
    m6312_cntPre                             0x20000066   Data           2  m6312.o(.data)
    RS485_RX_BUFF                            0x20000068   Data         100  master.o(.bss)
    m6312_buf                                0x200000cc   Data         128  m6312.o(.bss)
    __libspace_start                         0x2000014c   Data          96  libspace.o(.bss)
    __temporary_stack_top$libspace           0x200001ac   Data           0  libspace.o(.bss)



==============================================================================

Memory Map of the image

  Image Entry point : 0x08000131

  Load Region LR_IROM1 (Base: 0x08000000, Size: 0x000073c0, Max: 0x00080000, ABSOLUTE)

    Execution Region ER_IROM1 (Base: 0x08000000, Size: 0x00007358, Max: 0x00080000, ABSOLUTE)

    Base Addr    Size         Type   Attr      Idx    E Section Name        Object

    0x08000000   0x00000130   Data   RO          139    RESET               startup_stm32f10x_hd.o
    0x08000130   0x00000008   Code   RO          642  * !!!main             c_w.l(__main.o)
    0x08000138   0x00000034   Code   RO         1015    !!!scatter          c_w.l(__scatter.o)
    0x0800016c   0x0000001a   Code   RO         1017    !!handler_copy      c_w.l(__scatter_copy.o)
    0x08000186   0x00000002   PAD
    0x08000188   0x0000001c   Code   RO         1019    !!handler_zi        c_w.l(__scatter_zi.o)
    0x080001a4   0x00000000   Code   RO          619    .ARM.Collect$$_printf_percent$$00000000  c_w.l(_printf_percent.o)
    0x080001a4   0x00000006   Code   RO          753    .ARM.Collect$$_printf_percent$$00000001  c_w.l(_printf_n.o)
    0x080001aa   0x00000006   Code   RO          755    .ARM.Collect$$_printf_percent$$00000002  c_w.l(_printf_p.o)
    0x080001b0   0x00000006   Code   RO          618    .ARM.Collect$$_printf_percent$$00000003  c_w.l(_printf_f.o)
    0x080001b6   0x00000006   Code   RO          759    .ARM.Collect$$_printf_percent$$00000004  c_w.l(_printf_e.o)
    0x080001bc   0x00000006   Code   RO          760    .ARM.Collect$$_printf_percent$$00000005  c_w.l(_printf_g.o)
    0x080001c2   0x00000006   Code   RO          761    .ARM.Collect$$_printf_percent$$00000006  c_w.l(_printf_a.o)
    0x080001c8   0x0000000a   Code   RO          766    .ARM.Collect$$_printf_percent$$00000007  c_w.l(_printf_ll.o)
    0x080001d2   0x00000006   Code   RO          757    .ARM.Collect$$_printf_percent$$00000008  c_w.l(_printf_i.o)
    0x080001d8   0x00000006   Code   RO          617    .ARM.Collect$$_printf_percent$$00000009  c_w.l(_printf_d.o)
    0x080001de   0x00000006   Code   RO          758    .ARM.Collect$$_printf_percent$$0000000A  c_w.l(_printf_u.o)
    0x080001e4   0x00000006   Code   RO          756    .ARM.Collect$$_printf_percent$$0000000B  c_w.l(_printf_o.o)
    0x080001ea   0x00000006   Code   RO          754    .ARM.Collect$$_printf_percent$$0000000C  c_w.l(_printf_x.o)
    0x080001f0   0x00000006   Code   RO          763    .ARM.Collect$$_printf_percent$$0000000D  c_w.l(_printf_lli.o)
    0x080001f6   0x00000006   Code   RO          764    .ARM.Collect$$_printf_percent$$0000000E  c_w.l(_printf_lld.o)
    0x080001fc   0x00000006   Code   RO          765    .ARM.Collect$$_printf_percent$$0000000F  c_w.l(_printf_llu.o)
    0x08000202   0x00000006   Code   RO          770    .ARM.Collect$$_printf_percent$$00000010  c_w.l(_printf_llo.o)
    0x08000208   0x00000006   Code   RO          771    .ARM.Collect$$_printf_percent$$00000011  c_w.l(_printf_llx.o)
    0x0800020e   0x0000000a   Code   RO          767    .ARM.Collect$$_printf_percent$$00000012  c_w.l(_printf_l.o)
    0x08000218   0x00000006   Code   RO          751    .ARM.Collect$$_printf_percent$$00000013  c_w.l(_printf_c.o)
    0x0800021e   0x00000006   Code   RO          752    .ARM.Collect$$_printf_percent$$00000014  c_w.l(_printf_s.o)
    0x08000224   0x00000006   Code   RO          768    .ARM.Collect$$_printf_percent$$00000015  c_w.l(_printf_lc.o)
    0x0800022a   0x00000006   Code   RO          769    .ARM.Collect$$_printf_percent$$00000016  c_w.l(_printf_ls.o)
    0x08000230   0x00000004   Code   RO          762    .ARM.Collect$$_printf_percent$$00000017  c_w.l(_printf_percent_end.o)
    0x08000234   0x00000002   Code   RO          955    .ARM.Collect$$libinit$$00000000  c_w.l(libinit.o)
    0x08000236   0x00000000   Code   RO          779    .ARM.Collect$$libinit$$00000002  c_w.l(libinit2.o)
    0x08000236   0x00000000   Code   RO          781    .ARM.Collect$$libinit$$00000004  c_w.l(libinit2.o)
    0x08000236   0x00000008   Code   RO          782    .ARM.Collect$$libinit$$00000005  c_w.l(libinit2.o)
    0x0800023e   0x00000000   Code   RO          784    .ARM.Collect$$libinit$$0000000A  c_w.l(libinit2.o)
    0x0800023e   0x00000000   Code   RO          786    .ARM.Collect$$libinit$$0000000C  c_w.l(libinit2.o)
    0x0800023e   0x00000000   Code   RO          788    .ARM.Collect$$libinit$$0000000E  c_w.l(libinit2.o)
    0x0800023e   0x00000006   Code   RO          789    .ARM.Collect$$libinit$$0000000F  c_w.l(libinit2.o)
    0x08000244   0x00000000   Code   RO          791    .ARM.Collect$$libinit$$00000011  c_w.l(libinit2.o)
    0x08000244   0x0000000c   Code   RO          792    .ARM.Collect$$libinit$$00000012  c_w.l(libinit2.o)
    0x08000250   0x00000000   Code   RO          793    .ARM.Collect$$libinit$$00000013  c_w.l(libinit2.o)
    0x08000250   0x00000000   Code   RO          795    .ARM.Collect$$libinit$$00000015  c_w.l(libinit2.o)
    0x08000250   0x0000000a   Code   RO          796    .ARM.Collect$$libinit$$00000016  c_w.l(libinit2.o)
    0x0800025a   0x00000000   Code   RO          797    .ARM.Collect$$libinit$$00000017  c_w.l(libinit2.o)
    0x0800025a   0x00000000   Code   RO          799    .ARM.Collect$$libinit$$00000019  c_w.l(libinit2.o)
    0x0800025a   0x00000000   Code   RO          801    .ARM.Collect$$libinit$$0000001B  c_w.l(libinit2.o)
    0x0800025a   0x00000000   Code   RO          803    .ARM.Collect$$libinit$$0000001D  c_w.l(libinit2.o)
    0x0800025a   0x00000000   Code   RO          805    .ARM.Collect$$libinit$$0000001F  c_w.l(libinit2.o)
    0x0800025a   0x00000000   Code   RO          807    .ARM.Collect$$libinit$$00000021  c_w.l(libinit2.o)
    0x0800025a   0x00000000   Code   RO          809    .ARM.Collect$$libinit$$00000023  c_w.l(libinit2.o)
    0x0800025a   0x00000000   Code   RO          811    .ARM.Collect$$libinit$$00000025  c_w.l(libinit2.o)
    0x0800025a   0x00000000   Code   RO          815    .ARM.Collect$$libinit$$0000002C  c_w.l(libinit2.o)
    0x0800025a   0x00000000   Code   RO          817    .ARM.Collect$$libinit$$0000002E  c_w.l(libinit2.o)
    0x0800025a   0x00000000   Code   RO          819    .ARM.Collect$$libinit$$00000030  c_w.l(libinit2.o)
    0x0800025a   0x00000000   Code   RO          821    .ARM.Collect$$libinit$$00000032  c_w.l(libinit2.o)
    0x0800025a   0x00000002   Code   RO          822    .ARM.Collect$$libinit$$00000033  c_w.l(libinit2.o)
    0x0800025c   0x00000002   Code   RO         1012    .ARM.Collect$$libshutdown$$00000000  c_w.l(libshutdown.o)
    0x0800025e   0x00000000   Code   RO          970    .ARM.Collect$$libshutdown$$00000003  c_w.l(libshutdown2.o)
    0x0800025e   0x00000000   Code   RO          973    .ARM.Collect$$libshutdown$$00000006  c_w.l(libshutdown2.o)
    0x0800025e   0x00000000   Code   RO          976    .ARM.Collect$$libshutdown$$00000009  c_w.l(libshutdown2.o)
    0x0800025e   0x00000000   Code   RO          978    .ARM.Collect$$libshutdown$$0000000B  c_w.l(libshutdown2.o)
    0x0800025e   0x00000000   Code   RO          981    .ARM.Collect$$libshutdown$$0000000E  c_w.l(libshutdown2.o)
    0x0800025e   0x00000002   Code   RO          982    .ARM.Collect$$libshutdown$$0000000F  c_w.l(libshutdown2.o)
    0x08000260   0x00000000   Code   RO          670    .ARM.Collect$$rtentry$$00000000  c_w.l(__rtentry.o)
    0x08000260   0x00000000   Code   RO          838    .ARM.Collect$$rtentry$$00000002  c_w.l(__rtentry2.o)
    0x08000260   0x00000006   Code   RO          850    .ARM.Collect$$rtentry$$00000004  c_w.l(__rtentry4.o)
    0x08000266   0x00000000   Code   RO          840    .ARM.Collect$$rtentry$$00000009  c_w.l(__rtentry2.o)
    0x08000266   0x00000004   Code   RO          841    .ARM.Collect$$rtentry$$0000000A  c_w.l(__rtentry2.o)
    0x0800026a   0x00000000   Code   RO          843    .ARM.Collect$$rtentry$$0000000C  c_w.l(__rtentry2.o)
    0x0800026a   0x00000008   Code   RO          844    .ARM.Collect$$rtentry$$0000000D  c_w.l(__rtentry2.o)
    0x08000272   0x00000002   Code   RO          958    .ARM.Collect$$rtexit$$00000000  c_w.l(rtexit.o)
    0x08000274   0x00000000   Code   RO          986    .ARM.Collect$$rtexit$$00000002  c_w.l(rtexit2.o)
    0x08000274   0x00000004   Code   RO          987    .ARM.Collect$$rtexit$$00000003  c_w.l(rtexit2.o)
    0x08000278   0x00000006   Code   RO          988    .ARM.Collect$$rtexit$$00000004  c_w.l(rtexit2.o)
    0x0800027e   0x00000002   PAD
    0x08000280   0x00000000   Code   RO          861    .emb_text           c_w.l(maybetermalloc1.o)
    0x08000280   0x00000134   Code   RO           17    .text               stm32f10x_it.o
    0x080003b4   0x000001e8   Code   RO          119    .text               system_stm32f10x.o
    0x0800059c   0x00000040   Code   RO          140    .text               startup_stm32f10x_hd.o
    0x080005dc   0x000000dc   Code   RO          144    .text               misc.o
    0x080006b8   0x0000035c   Code   RO          182    .text               stm32f10x_gpio.o
    0x08000a14   0x000003ac   Code   RO          194    .text               stm32f10x_rcc.o
    0x08000dc0   0x00000408   Code   RO          208    .text               stm32f10x_usart.o
    0x080011c8   0x00000e1a   Code   RO          232    .text               stm32f10x_tim.o
    0x08001fe2   0x00000002   PAD
    0x08001fe4   0x0000044e   Code   RO          244    .text               stm32f10x_adc.o
    0x08002432   0x00000002   PAD
    0x08002434   0x00000254   Code   RO          256    .text               stm32f10x_dma.o
    0x08002688   0x0000005c   Code   RO          268    .text               beep.o
    0x080026e4   0x000000f4   Code   RO          286    .text               delay.o
    0x080027d8   0x000001e8   Code   RO          304    .text               usart.o
    0x080029c0   0x00000038   Code   RO          326    .text               crc16.o
    0x080029f8   0x0000049c   Code   RO          347    .text               master.o
    0x08002e94   0x000001b8   Code   RO          397    .text               bsp_adc.o
    0x0800304c   0x000001ec   Code   RO          415    .text               main.o
    0x08003238   0x000007a8   Code   RO          448    .text               onenet.o
    0x080039e0   0x00000ca6   Code   RO          480    .text               mqttkit.o
    0x08004686   0x00000002   PAD
    0x08004688   0x00000468   Code   RO          504    .text               m6312.o
    0x08004af0   0x0000005e   Code   RO          529    .text               c_w.l(h1_alloc.o)
    0x08004b4e   0x0000004e   Code   RO          531    .text               c_w.l(h1_free.o)
    0x08004b9c   0x00000034   Code   RO          587    .text               c_w.l(c89vsnprintf.o)
    0x08004bd0   0x0000002c   Code   RO          589    .text               c_w.l(__2sprintf.o)
    0x08004bfc   0x00000078   Code   RO          595    .text               c_w.l(_printf_dec.o)
    0x08004c74   0x00000188   Code   RO          614    .text               c_w.l(__printf_flags_ss_wp.o)
    0x08004dfc   0x0000001a   Code   RO          620    .text               c_w.l(atoi.o)
    0x08004e16   0x00000014   Code   RO          622    .text               c_w.l(strchr.o)
    0x08004e2a   0x00000024   Code   RO          624    .text               c_w.l(strncat.o)
    0x08004e4e   0x00000024   Code   RO          626    .text               c_w.l(strstr.o)
    0x08004e72   0x00000048   Code   RO          628    .text               c_w.l(strcpy.o)
    0x08004eba   0x0000003e   Code   RO          630    .text               c_w.l(strlen.o)
    0x08004ef8   0x00000018   Code   RO          632    .text               c_w.l(strcat.o)
    0x08004f10   0x0000008a   Code   RO          634    .text               c_w.l(rt_memcpy_v6.o)
    0x08004f9a   0x00000044   Code   RO          636    .text               c_w.l(rt_memclr.o)
    0x08004fde   0x0000004e   Code   RO          638    .text               c_w.l(rt_memclr_w.o)
    0x0800502c   0x00000006   Code   RO          640    .text               c_w.l(heapauxi.o)
    0x08005032   0x00000002   PAD
    0x08005034   0x00000008   Code   RO          674    .text               c_w.l(rt_heap_descriptor_intlibspace.o)
    0x0800503c   0x00000008   Code   RO          679    .text               c_w.l(rt_errno_addr_intlibspace.o)
    0x08005044   0x00000004   Code   RO          681    .text               c_w.l(hguard.o)
    0x08005048   0x0000008a   Code   RO          683    .text               c_w.l(init_alloc.o)
    0x080050d2   0x0000000e   Code   RO          687    .text               c_w.l(h1_init.o)
    0x080050e0   0x0000004e   Code   RO          701    .text               c_w.l(_printf_pad.o)
    0x0800512e   0x00000024   Code   RO          703    .text               c_w.l(_printf_truncate.o)
    0x08005152   0x00000052   Code   RO          705    .text               c_w.l(_printf_str.o)
    0x080051a4   0x000000b2   Code   RO          707    .text               c_w.l(_printf_intcommon.o)
    0x08005256   0x00000028   Code   RO          709    .text               c_w.l(_printf_charcount.o)
    0x0800527e   0x0000041a   Code   RO          711    .text               c_w.l(_printf_fp_dec.o)
    0x08005698   0x00000030   Code   RO          713    .text               c_w.l(_printf_char_common.o)
    0x080056c8   0x0000000a   Code   RO          715    .text               c_w.l(_sputc.o)
    0x080056d2   0x00000010   Code   RO          717    .text               c_w.l(_snputc.o)
    0x080056e2   0x00000002   PAD
    0x080056e4   0x000000bc   Code   RO          719    .text               c_w.l(_printf_wctomb.o)
    0x080057a0   0x0000007c   Code   RO          722    .text               c_w.l(_printf_longlong_dec.o)
    0x0800581c   0x00000070   Code   RO          728    .text               c_w.l(_printf_oct_int_ll.o)
    0x0800588c   0x00000094   Code   RO          748    .text               c_w.l(_printf_hex_int_ll_ptr.o)
    0x08005920   0x00000070   Code   RO          772    .text               c_w.l(strtol.o)
    0x08005990   0x00000064   Code   RO          774    .text               c_w.l(rt_memcpy_w.o)
    0x080059f4   0x00000008   Code   RO          834    .text               c_w.l(libspace.o)
    0x080059fc   0x00000010   Code   RO          852    .text               c_w.l(rt_ctype_table.o)
    0x08005a0c   0x00000008   Code   RO          857    .text               c_w.l(rt_locale_intlibspace.o)
    0x08005a14   0x00000034   Code   RO          863    .text               c_w.l(h1_extend.o)
    0x08005a48   0x0000008a   Code   RO          867    .text               c_w.l(lludiv10.o)
    0x08005ad2   0x00000002   PAD
    0x08005ad4   0x00000080   Code   RO          869    .text               c_w.l(_printf_fp_infnan.o)
    0x08005b54   0x0000002c   Code   RO          873    .text               c_w.l(_printf_char.o)
    0x08005b80   0x0000002c   Code   RO          875    .text               c_w.l(_printf_wchar.o)
    0x08005bac   0x0000009e   Code   RO          877    .text               c_w.l(_strtoul.o)
    0x08005c4a   0x00000002   PAD
    0x08005c4c   0x000000dc   Code   RO          879    .text               c_w.l(bigflt0.o)
    0x08005d28   0x00000040   Code   RO          904    .text               c_w.l(_wcrtomb.o)
    0x08005d68   0x0000000e   Code   RO          909    .text               c_w.l(defsig_rtmem_outer.o)
    0x08005d76   0x00000002   Code   RO          924    .text               c_w.l(use_no_semi.o)
    0x08005d78   0x00000000   Code   RO          926    .text               c_w.l(indicate_semi.o)
    0x08005d78   0x0000004a   Code   RO          927    .text               c_w.l(sys_stackheap_outer.o)
    0x08005dc2   0x0000001c   Code   RO          933    .text               c_w.l(_chval.o)
    0x08005dde   0x0000000c   Code   RO          938    .text               c_w.l(exit.o)
    0x08005dea   0x0000000a   Code   RO          940    .text               c_w.l(defsig_exit.o)
    0x08005df4   0x00000050   Code   RO          942    .text               c_w.l(defsig_rtmem_inner.o)
    0x08005e44   0x00000080   Code   RO          944    .text               c_w.l(strcmpv7m.o)
    0x08005ec4   0x0000000c   Code   RO          956    .text               c_w.l(sys_exit.o)
    0x08005ed0   0x00000032   Code   RO          966    .text               c_w.l(defsig_general.o)
    0x08005f02   0x0000000e   Code   RO          983    .text               c_w.l(sys_wrch.o)
    0x08005f10   0x0000003e   Code   RO          882    CL$$btod_d2e        c_w.l(btod.o)
    0x08005f4e   0x00000046   Code   RO          884    CL$$btod_d2e_denorm_low  c_w.l(btod.o)
    0x08005f94   0x00000060   Code   RO          883    CL$$btod_d2e_norm_op1  c_w.l(btod.o)
    0x08005ff4   0x00000338   Code   RO          892    CL$$btod_div_common  c_w.l(btod.o)
    0x0800632c   0x000000c6   Code   RO          889    CL$$btod_e2e        c_w.l(btod.o)
    0x080063f2   0x00000028   Code   RO          886    CL$$btod_ediv       c_w.l(btod.o)
    0x0800641a   0x00000028   Code   RO          885    CL$$btod_emul       c_w.l(btod.o)
    0x08006442   0x00000244   Code   RO          891    CL$$btod_mult_common  c_w.l(btod.o)
    0x08006686   0x00000028   Code   RO          922    i.__ARM_fpclassify  m_ws.l(fpclassify.o)
    0x080066ae   0x0000000e   Code   RO          607    i._is_digit         c_w.l(__printf_wp.o)
    0x080066bc   0x0000002c   Code   RO          907    locale$$code        c_w.l(lc_numeric_c.o)
    0x080066e8   0x0000002c   Code   RO          936    locale$$code        c_w.l(lc_ctype_c.o)
    0x08006714   0x00000062   Code   RO          644    x$fpl$d2f           fz_ws.l(d2f.o)
    0x08006776   0x00000002   PAD
    0x08006778   0x00000150   Code   RO          646    x$fpl$dadd          fz_ws.l(daddsub_clz.o)
    0x080068c8   0x00000154   Code   RO          652    x$fpl$dmul          fz_ws.l(dmul.o)
    0x08006a1c   0x0000009c   Code   RO          823    x$fpl$dnaninf       fz_ws.l(dnaninf.o)
    0x08006ab8   0x0000000c   Code   RO          825    x$fpl$dretinf       fz_ws.l(dretinf.o)
    0x08006ac4   0x000001d4   Code   RO          648    x$fpl$dsub          fz_ws.l(daddsub_clz.o)
    0x08006c98   0x00000056   Code   RO          654    x$fpl$f2d           fz_ws.l(f2d.o)
    0x08006cee   0x00000002   PAD
    0x08006cf0   0x00000184   Code   RO          657    x$fpl$fdiv          fz_ws.l(fdiv.o)
    0x08006e74   0x00000026   Code   RO          660    x$fpl$ffltu         fz_ws.l(fflt_clz.o)
    0x08006e9a   0x0000008c   Code   RO          827    x$fpl$fnaninf       fz_ws.l(fnaninf.o)
    0x08006f26   0x0000000a   Code   RO          829    x$fpl$fretinf       fz_ws.l(fretinf.o)
    0x08006f30   0x00000004   Code   RO          666    x$fpl$printf1       fz_ws.l(printf1.o)
    0x08006f34   0x00000000   Code   RO          831    x$fpl$usenofp       fz_ws.l(usenofp.o)
    0x08006f34   0x00000200   Data   RO          327    .constdata          crc16.o
    0x08007134   0x00000011   Data   RO          615    .constdata          c_w.l(__printf_flags_ss_wp.o)
    0x08007145   0x00000003   PAD
    0x08007148   0x00000008   Data   RO          720    .constdata          c_w.l(_printf_wctomb.o)
    0x08007150   0x00000028   Data   RO          749    .constdata          c_w.l(_printf_hex_int_ll_ptr.o)
    0x08007178   0x00000094   Data   RO          880    .constdata          c_w.l(bigflt0.o)
    0x0800720c   0x00000020   Data   RO         1013    Region$$Table       anon$$obj.o
    0x0800722c   0x0000001c   Data   RO          906    locale$$data        c_w.l(lc_numeric_c.o)
    0x08007248   0x00000110   Data   RO          935    locale$$data        c_w.l(lc_ctype_c.o)


    Execution Region RW_IRAM1 (Base: 0x20000000, Size: 0x000009b0, Max: 0x00010000, ABSOLUTE)

    Base Addr    Size         Type   Attr      Idx    E Section Name        Object

    0x20000000   0x00000014   Data   RW          120    .data               system_stm32f10x.o
    0x20000014   0x00000014   Data   RW          195    .data               stm32f10x_rcc.o
    0x20000028   0x00000001   Data   RW          269    .data               beep.o
    0x20000029   0x00000001   PAD
    0x2000002a   0x00000004   Data   RW          287    .data               delay.o
    0x2000002e   0x00000002   PAD
    0x20000030   0x00000028   Data   RW          349    .data               master.o
    0x20000058   0x00000004   Data   RW          398    .data               bsp_adc.o
    0x2000005c   0x00000008   Data   RW          449    .data               onenet.o
    0x20000064   0x00000004   Data   RW          506    .data               m6312.o
    0x20000068   0x00000064   Zero   RW          348    .bss                master.o
    0x200000cc   0x00000080   Zero   RW          505    .bss                m6312.o
    0x2000014c   0x00000060   Zero   RW          835    .bss                c_w.l(libspace.o)
    0x200001ac   0x00000004   PAD
    0x200001b0   0x00000400   Zero   RW          138    HEAP                startup_stm32f10x_hd.o
    0x200005b0   0x00000400   Zero   RW          137    STACK               startup_stm32f10x_hd.o


==============================================================================

Image component sizes


      Code (inc. data)   RO Data    RW Data    ZI Data      Debug   Object Name

        92         12          0          1          0       1169   beep.o
       440         20          0          4          0       1513   bsp_adc.o
         0          0          0          0          0       4536   core_cm3.o
        56          8        512          0          0       1160   crc16.o
       244         10          0          4          0       1420   delay.o
      1128        400          0          4        128       3013   m6312.o
       492        132          0          0          0        869   main.o
      1180         74          0         40        100       4372   master.o
       220         22          0          0          0     215425   misc.o
      3238         26          0          0          0      13552   mqttkit.o
      1960        742          0          8          0       5025   onenet.o
        64         26        304          0       2048        804   startup_stm32f10x_hd.o
      1102         26          0          0          0      10737   stm32f10x_adc.o
       596          8          0          0          0       4234   stm32f10x_dma.o
       860         38          0          0          0       5553   stm32f10x_gpio.o
       308        248          0          0          0      54527   stm32f10x_it.o
       940         44          0         20          0       8692   stm32f10x_rcc.o
      3610         88          0          0          0      22036   stm32f10x_tim.o
      1032         22          0          0          0       8276   stm32f10x_usart.o
       488         46          0         20          0       1719   system_stm32f10x.o
       488         14          0          0          0       2809   usart.o

    ----------------------------------------------------------------------
     18544       2006        848        104       2276     371441   Object Totals
         0          0         32          0          0          0   (incl. Generated)
         6          0          0          3          0          0   (incl. Padding)

    ----------------------------------------------------------------------

      Code (inc. data)   RO Data    RW Data    ZI Data      Debug   Library Member Name

        44          6          0          0          0         84   __2sprintf.o
         8          0          0          0          0         68   __main.o
       392          4         17          0          0         92   __printf_flags_ss_wp.o
        14          0          0          0          0         68   __printf_wp.o
         0          0          0          0          0          0   __rtentry.o
        12          0          0          0          0          0   __rtentry2.o
         6          0          0          0          0          0   __rtentry4.o
        52          8          0          0          0          0   __scatter.o
        26          0          0          0          0          0   __scatter_copy.o
        28          0          0          0          0          0   __scatter_zi.o
        28          0          0          0          0         68   _chval.o
         6          0          0          0          0          0   _printf_a.o
         6          0          0          0          0          0   _printf_c.o
        44          0          0          0          0        108   _printf_char.o
        48          6          0          0          0         96   _printf_char_common.o
        40          0          0          0          0         68   _printf_charcount.o
         6          0          0          0          0          0   _printf_d.o
       120         16          0          0          0         92   _printf_dec.o
         6          0          0          0          0          0   _printf_e.o
         6          0          0          0          0          0   _printf_f.o
      1050          0          0          0          0        216   _printf_fp_dec.o
       128         16          0          0          0         84   _printf_fp_infnan.o
         6          0          0          0          0          0   _printf_g.o
       148          4         40          0          0        160   _printf_hex_int_ll_ptr.o
         6          0          0          0          0          0   _printf_i.o
       178          0          0          0          0         88   _printf_intcommon.o
        10          0          0          0          0          0   _printf_l.o
         6          0          0          0          0          0   _printf_lc.o
        10          0          0          0          0          0   _printf_ll.o
         6          0          0          0          0          0   _printf_lld.o
         6          0          0          0          0          0   _printf_lli.o
         6          0          0          0          0          0   _printf_llo.o
         6          0          0          0          0          0   _printf_llu.o
         6          0          0          0          0          0   _printf_llx.o
       124         16          0          0          0         92   _printf_longlong_dec.o
         6          0          0          0          0          0   _printf_ls.o
         6          0          0          0          0          0   _printf_n.o
         6          0          0          0          0          0   _printf_o.o
       112          8          0          0          0        124   _printf_oct_int_ll.o
         6          0          0          0          0          0   _printf_p.o
        78          0          0          0          0        108   _printf_pad.o
         0          0          0          0          0          0   _printf_percent.o
         4          0          0          0          0          0   _printf_percent_end.o
         6          0          0          0          0          0   _printf_s.o
        82          0          0          0          0         80   _printf_str.o
        36          0          0          0          0         84   _printf_truncate.o
         6          0          0          0          0          0   _printf_u.o
        44          0          0          0          0        108   _printf_wchar.o
       188          6          8          0          0         92   _printf_wctomb.o
         6          0          0          0          0          0   _printf_x.o
        16          0          0          0          0         68   _snputc.o
        10          0          0          0          0         68   _sputc.o
       158          0          0          0          0         92   _strtoul.o
        64          0          0          0          0         92   _wcrtomb.o
        26          0          0          0          0         80   atoi.o
       220          4        148          0          0         96   bigflt0.o
      1910        128          0          0          0        672   btod.o
        52          4          0          0          0         80   c89vsnprintf.o
        10          0          0          0          0         68   defsig_exit.o
        50          0          0          0          0         88   defsig_general.o
        80         58          0          0          0         76   defsig_rtmem_inner.o
        14          0          0          0          0         80   defsig_rtmem_outer.o
        12          0          0          0          0         72   exit.o
        94          0          0          0          0         80   h1_alloc.o
        52          0          0          0          0         68   h1_extend.o
        78          0          0          0          0         80   h1_free.o
        14          0          0          0          0         84   h1_init.o
         6          0          0          0          0        152   heapauxi.o
         4          0          0          0          0        136   hguard.o
         0          0          0          0          0          0   indicate_semi.o
       138          0          0          0          0        168   init_alloc.o
        44         10        272          0          0         76   lc_ctype_c.o
        44         10         28          0          0         76   lc_numeric_c.o
         2          0          0          0          0          0   libinit.o
        38          0          0          0          0          0   libinit2.o
         2          0          0          0          0          0   libshutdown.o
         2          0          0          0          0          0   libshutdown2.o
         8          4          0          0         96         68   libspace.o
       138          0          0          0          0         80   lludiv10.o
         0          0          0          0          0          0   maybetermalloc1.o
        16          4          0          0          0         76   rt_ctype_table.o
         8          4          0          0          0         68   rt_errno_addr_intlibspace.o
         8          4          0          0          0         68   rt_heap_descriptor_intlibspace.o
         8          4          0          0          0         68   rt_locale_intlibspace.o
        68          0          0          0          0         68   rt_memclr.o
        78          0          0          0          0         80   rt_memclr_w.o
       138          0          0          0          0         68   rt_memcpy_v6.o
       100          0          0          0          0         80   rt_memcpy_w.o
         2          0          0          0          0          0   rtexit.o
        10          0          0          0          0          0   rtexit2.o
        24          0          0          0          0         68   strcat.o
        20          0          0          0          0         68   strchr.o
       128          0          0          0          0         68   strcmpv7m.o
        72          0          0          0          0         80   strcpy.o
        62          0          0          0          0         76   strlen.o
        36          0          0          0          0         76   strncat.o
        36          0          0          0          0         80   strstr.o
       112          0          0          0          0         88   strtol.o
        12          4          0          0          0         68   sys_exit.o
        74          0          0          0          0         80   sys_stackheap_outer.o
        14          0          0          0          0         76   sys_wrch.o
         2          0          0          0          0         68   use_no_semi.o
        98          4          0          0          0         92   d2f.o
       804         16          0          0          0        272   daddsub_clz.o
       340         12          0          0          0        104   dmul.o
       156          4          0          0          0         92   dnaninf.o
        12          0          0          0          0         68   dretinf.o
        86          4          0          0          0         84   f2d.o
       388         76          0          0          0         96   fdiv.o
        38          0          0          0          0         68   fflt_clz.o
       140          4          0          0          0         84   fnaninf.o
        10          0          0          0          0         68   fretinf.o
         4          0          0          0          0         68   printf1.o
         0          0          0          0          0          0   usenofp.o
        40          0          0          0          0         68   fpclassify.o

    ----------------------------------------------------------------------
      9620        448        516          0        100       7316   Library Totals
        16          0          3          0          4          0   (incl. Padding)

    ----------------------------------------------------------------------

      Code (inc. data)   RO Data    RW Data    ZI Data      Debug   Library Name

      7488        328        513          0         96       6152   c_w.l
      2076        120          0          0          0       1096   fz_ws.l
        40          0          0          0          0         68   m_ws.l

    ----------------------------------------------------------------------
      9620        448        516          0        100       7316   Library Totals

    ----------------------------------------------------------------------

==============================================================================


      Code (inc. data)   RO Data    RW Data    ZI Data      Debug   

     28164       2454       1364        104       2376     372669   Grand Totals
     28164       2454       1364        104       2376     372669   ELF Image Totals
     28164       2454       1364        104          0          0   ROM Totals

==============================================================================

    Total RO  Size (Code + RO Data)                29528 (  28.84kB)
    Total RW  Size (RW Data + ZI Data)              2480 (   2.42kB)
    Total ROM Size (Code + RO Data + RW Data)      29632 (  28.94kB)

==============================================================================

